Component: ARM Compiler 5.06 update 6 (build 750) Tool: armlink [4d35ed]

==============================================================================

Small function inlining results

Inlined function __aeabi_idiv0 from aeabi_idiv0.o at offset 0x154 in aeabi_sdiv.o(.text).
Inlined Instruction: BX       lr
Inlined function __aeabi_idiv0 from aeabi_idiv0.o at offset 0x154 in aeabi_sdiv_div0.o(.text).
Inlined Instruction: BX       lr
Inlined function __aeabi_ldiv0 from aeabi_ldiv0.o at offset 0xf8 in lludiv.o(.text).
Inlined Instruction: BX       lr
Inlined function _platform_pre_stackheap_init from boardinit1.o at offset 0x0 in __rtentry2.o(.ARM.Collect$$rtentry$$00000001).
Inlined Instruction: BX       lr
Inlined function _fp_init from fpinit.o at offset 0x0 in libinit2.o(.ARM.Collect$$libinit$$00000001).
Inlined Instruction: BX       lr
Inlined function _platform_pre_lib_shutdown from boardshut.o at offset 0x0 in rtexit2.o(.ARM.Collect$$rtexit$$00000001).
Inlined Instruction: BX       lr
Inlined function __ARM_get_argv from no_argv.o at offset 0x2 in argv_veneer.o(.text).
Inlined Instruction: BX       lr
Inlined total of 7 calls.

==============================================================================

Section Cross References

    system_nano100series.o(i.SysGet_HCLKFreq) refers to system_nano100series.o(i.SysGet_PLLClockFreq) for SysGet_PLLClockFreq
    system_nano100series.o(i.SysGet_HCLKFreq) refers to aeabi_sdiv.o(.text) for __aeabi_uidivmod
    system_nano100series.o(i.SysGet_PLLClockFreq) refers to aeabi_sdiv.o(.text) for __aeabi_uidivmod
    system_nano100series.o(i.SystemCoreClockUpdate) refers to system_nano100series.o(i.SysGet_HCLKFreq) for SysGet_HCLKFreq
    system_nano100series.o(i.SystemCoreClockUpdate) refers to aeabi_sdiv.o(.text) for __aeabi_uidivmod
    system_nano100series.o(i.SystemCoreClockUpdate) refers to system_nano100series.o(.data) for SystemCoreClock
    startup_nano100series.o(STACK) refers (Special) to heapauxi.o(.text) for __use_two_region_memory
    startup_nano100series.o(HEAP) refers (Special) to heapauxi.o(.text) for __use_two_region_memory
    startup_nano100series.o(RESET) refers (Special) to heapauxi.o(.text) for __use_two_region_memory
    startup_nano100series.o(RESET) refers to startup_nano100series.o(STACK) for __initial_sp
    startup_nano100series.o(RESET) refers to startup_nano100series.o(.text) for Reset_Handler
    startup_nano100series.o(RESET) refers to retarget.o(.emb_text) for HardFault_Handler
    startup_nano100series.o(RESET) refers to main.o(i.WDT_IRQHandler) for WDT_IRQHandler
    startup_nano100series.o(RESET) refers to key.o(i.GPABC_IRQHandler) for GPABC_IRQHandler
    startup_nano100series.o(RESET) refers to key.o(i.GPDEF_IRQHandler) for GPDEF_IRQHandler
    startup_nano100series.o(RESET) refers to hid_transfer.o(i.USBD_IRQHandler) for USBD_IRQHandler
    startup_nano100series.o(.text) refers (Special) to heapauxi.o(.text) for __use_two_region_memory
    startup_nano100series.o(.text) refers to __main.o(!!!main) for __main
    startup_nano100series.o(.text) refers to startup_nano100series.o(HEAP) for Heap_Mem
    startup_nano100series.o(.text) refers to startup_nano100series.o(STACK) for Stack_Mem
    clk.o(i.CLK_EnablePLL) refers to aeabi_sdiv.o(.text) for __aeabi_uidivmod
    clk.o(i.CLK_EnablePLL) refers to clk.o(i.CLK_WaitClockReady) for CLK_WaitClockReady
    clk.o(i.CLK_EnablePLL) refers to clk.o(i.CLK_GetPLLClockFreq) for CLK_GetPLLClockFreq
    clk.o(i.CLK_EnablePLL) refers to clk.o(.constdata) for .constdata
    clk.o(i.CLK_EnableXtalRC) refers to clk.o(i.CLK_WaitClockReady) for CLK_WaitClockReady
    clk.o(i.CLK_GetCPUFreq) refers to system_nano100series.o(i.SystemCoreClockUpdate) for SystemCoreClockUpdate
    clk.o(i.CLK_GetCPUFreq) refers to system_nano100series.o(.data) for SystemCoreClock
    clk.o(i.CLK_GetHCLKFreq) refers to system_nano100series.o(i.SystemCoreClockUpdate) for SystemCoreClockUpdate
    clk.o(i.CLK_GetHCLKFreq) refers to system_nano100series.o(.data) for SystemCoreClock
    clk.o(i.CLK_GetPLLClockFreq) refers to aeabi_sdiv.o(.text) for __aeabi_uidivmod
    clk.o(i.CLK_SetCoreClock) refers to clk.o(i.CLK_EnableXtalRC) for CLK_EnableXtalRC
    clk.o(i.CLK_SetCoreClock) refers to clk.o(i.CLK_SetHCLK) for CLK_SetHCLK
    clk.o(i.CLK_SetCoreClock) refers to clk.o(i.CLK_EnablePLL) for CLK_EnablePLL
    clk.o(i.CLK_SetCoreClock) refers to system_nano100series.o(.data) for SystemCoreClock
    clk.o(i.CLK_SetHCLK) refers to clk.o(i.CLK_WaitClockReady) for CLK_WaitClockReady
    clk.o(i.CLK_SetHCLK) refers to system_nano100series.o(i.SystemCoreClockUpdate) for SystemCoreClockUpdate
    clk.o(i.CLK_SysTickDelay) refers to system_nano100series.o(.data) for CyclesPerUs
    i2c.o(i.I2C_GetBusClockFreq) refers to aeabi_sdiv.o(.text) for __aeabi_uidivmod
    i2c.o(i.I2C_GetBusClockFreq) refers to system_nano100series.o(.data) for SystemCoreClock
    i2c.o(i.I2C_Open) refers to aeabi_sdiv.o(.text) for __aeabi_uidivmod
[...]
    i.GPDEF_IRQHandler                       0x00001de0   Section        0  key.o(i.GPDEF_IRQHandler)
    i.GPIO_EnableInt                         0x00001e4c   Section        0  gpio.o(i.GPIO_EnableInt)
    i.GPIO_Init                              0x00001e68   Section        0  main.o(i.GPIO_Init)
    i.GPIO_SetMode                           0x00001eec   Section        0  gpio.o(i.GPIO_SetMode)
    i.Get_Mcu_Version                        0x00001f1c   Section        0  mcu_version.o(i.Get_Mcu_Version)
    i.Get_Vcali_From_Data_Flash              0x00001fcc   Section        0  ecx335af_calibration.o(i.Get_Vcali_From_Data_Flash)
    i.HID_ClassRequest                       0x0000204c   Section        0  hid_transfer.o(i.HID_ClassRequest)
    i.HID_CmdImuData                         0x000020dc   Section        0  hid_transfer.o(i.HID_CmdImuData)
    i.HID_Init                               0x000021fc   Section        0  hid_transfer.o(i.HID_Init)
    i.Hard_Fault_Handler                     0x00002234   Section        0  retarget.o(i.Hard_Fault_Handler)
    __tagsym$$used                           0x00002235   Number         0  retarget.o(i.Hard_Fault_Handler)
    i.Hid_Transfer_Data                      0x00002260   Section        0  hid_transfer.o(i.Hid_Transfer_Data)
    i.Horizontal_orbit_adjustment            0x000023c8   Section        0  ecx335af_calibration.o(i.Horizontal_orbit_adjustment)
    i.Imu_Acc_Raw                            0x00002404   Section        0  imu_spi.o(i.Imu_Acc_Raw)
    i.Imu_Gyro_Raw                           0x00002466   Section        0  imu_spi.o(i.Imu_Gyro_Raw)
    i.Imu_Mag_Raw                            0x000024b6   Section        0  imu_spi.o(i.Imu_Mag_Raw)
    i.Imu_Spi1_Init                          0x00002594   Section        0  imu_spi.o(i.Imu_Spi1_Init)
    i.Interrupt_Init                         0x00002654   Section        0  main.o(i.Interrupt_Init)
    i.LP_ReadI2C_Byte                        0x00002664   Section        0  lp_i2c.o(i.LP_ReadI2C_Byte)
    i.LP_WriteI2C_Byte                       0x00002688   Section        0  lp_i2c.o(i.LP_WriteI2C_Byte)
    i.MCU_FMC_Init                           0x0000269c   Section        0  mcu_version.o(i.MCU_FMC_Init)
    i.Mode_Change_Interrupt_Init             0x00002728   Section        0  key.o(i.Mode_Change_Interrupt_Init)
    i.NVIC_EnableIRQ                         0x00002750   Section        0  key.o(i.NVIC_EnableIRQ)
    NVIC_EnableIRQ                           0x00002751   Thumb Code    14  key.o(i.NVIC_EnableIRQ)
    i.NVIC_EnableIRQ                         0x00002764   Section        0  main.o(i.NVIC_EnableIRQ)
    NVIC_EnableIRQ                           0x00002765   Thumb Code    14  main.o(i.NVIC_EnableIRQ)
    i.PS_Interrupt_Init                      0x00002778   Section        0  i2c_alsps.o(i.PS_Interrupt_Init)
    i.SPI_Open                               0x000027ac   Section        0  spi.o(i.SPI_Open)
    i.SPI_SetBusClock                        0x000027d0   Section        0  spi.o(i.SPI_SetBusClock)
    i.SYS_Init                               0x0000287c   Section        0  main.o(i.SYS_Init)
    i.SYS_LockReg                            0x00002908   Section        0  main.o(i.SYS_LockReg)
    SYS_LockReg                              0x00002909   Thumb Code     8  main.o(i.SYS_LockReg)
    i.SYS_UnlockReg                          0x00002914   Section        0  ecx335af_calibration.o(i.SYS_UnlockReg)
    SYS_UnlockReg                            0x00002915   Thumb Code    26  ecx335af_calibration.o(i.SYS_UnlockReg)
    i.SYS_UnlockReg                          0x00002934   Section        0  mcu_version.o(i.SYS_UnlockReg)
    SYS_UnlockReg                            0x00002935   Thumb Code    26  mcu_version.o(i.SYS_UnlockReg)
    i.SYS_UnlockReg                          0x00002954   Section        0  download_flag.o(i.SYS_UnlockReg)
    SYS_UnlockReg                            0x00002955   Thumb Code    26  download_flag.o(i.SYS_UnlockReg)
    i.SYS_UnlockReg                          0x00002974   Section        0  main.o(i.SYS_UnlockReg)
    SYS_UnlockReg                            0x00002975   Thumb Code    26  main.o(i.SYS_UnlockReg)
    i.SendChar                               0x00002994   Section        0  retarget.o(i.SendChar)
    i.SendChar_ToUART                        0x000029a0   Section        0  retarget.o(i.SendChar_ToUART)
    i.Set_Mcu_Version                        0x000029d4   Section        0  mcu_version.o(i.Set_Mcu_Version)
    i.Set_Value_To_Ecx335af                  0x00002a90   Section        0  ecx335af_calibration.o(i.Set_Value_To_Ecx335af)
    i.Set_Vcali_To_Data_Flash                0x00002ab4   Section        0  ecx335af_calibration.o(i.Set_Vcali_To_Data_Flash)
    i.Spi_ReadReg_1                          0x00002b50   Section        0  ecx335af.o(i.Spi_ReadReg_1)
    i.Spi_ReadReg_2                          0x00002c78   Section        0  ecx335af.o(i.Spi_ReadReg_2)
    i.Spi_ReadReg_Acc                        0x00002dac   Section        0  imu_spi.o(i.Spi_ReadReg_Acc)
    i.Spi_ReadReg_Gyro                       0x00002e00   Section        0  imu_spi.o(i.Spi_ReadReg_Gyro)
    i.Spi_ReadReg_Mag                        0x00002e54   Section        0  imu_spi.o(i.Spi_ReadReg_Mag)
    i.Spi_WriteReg_1                         0x00002ea8   Section        0  ecx335af.o(i.Spi_WriteReg_1)
    i.Spi_WriteReg_2                         0x00002f08   Section        0  ecx335af.o(i.Spi_WriteReg_2)
    i.Spi_WriteReg_Acc                       0x00002f6c   Section        0  imu_spi.o(i.Spi_WriteReg_Acc)
    i.Spi_WriteReg_Gyro                      0x00002fb8   Section        0  imu_spi.o(i.Spi_WriteReg_Gyro)
    i.Spi_WriteReg_Mag                       0x00003004   Section        0  imu_spi.o(i.Spi_WriteReg_Mag)
    i.SysGet_HCLKFreq                        0x00003050   Section        0  system_nano100series.o(i.SysGet_HCLKFreq)
    i.SysGet_PLLClockFreq                    0x000030a0   Section        0  system_nano100series.o(i.SysGet_PLLClockFreq)
    i.SystemCoreClockUpdate                  0x00003120   Section        0  system_nano100series.o(i.SystemCoreClockUpdate)
    i.UART_Open                              0x0000314c   Section        0  uart.o(i.UART_Open)
    i.USBD_CtrlIn                            0x000031ec   Section        0  usbd.o(i.USBD_CtrlIn)
    i.USBD_CtrlOut                           0x000032b4   Section        0  usbd.o(i.USBD_CtrlOut)
    i.USBD_GetDescriptor                     0x00003300   Section        0  usbd.o(i.USBD_GetDescriptor)
    i.USBD_GetSetupPacket                    0x00003498   Section        0  usbd.o(i.USBD_GetSetupPacket)
    i.USBD_IRQHandler                        0x000034ac   Section        0  hid_transfer.o(i.USBD_IRQHandler)
    i.USBD_MemCopy                           0x00003624   Section        0  usbd.o(i.USBD_MemCopy)
    USBD_MemCopy                             0x00003625   Thumb Code    22  usbd.o(i.USBD_MemCopy)
    i.USBD_MemCopy                           0x0000363a   Section        0  hid_transfer.o(i.USBD_MemCopy)
    USBD_MemCopy                             0x0000363b   Thumb Code    22  hid_transfer.o(i.USBD_MemCopy)
    i.USBD_Open                              0x00003650   Section        0  usbd.o(i.USBD_Open)
    i.USBD_PrepareCtrlIn                     0x000036a8   Section        0  usbd.o(i.USBD_PrepareCtrlIn)
    i.USBD_PrepareCtrlOut                    0x00003730   Section        0  usbd.o(i.USBD_PrepareCtrlOut)
    i.USBD_ProcessSetupPacket                0x0000375c   Section        0  usbd.o(i.USBD_ProcessSetupPacket)
    i.USBD_SetStall                          0x000037d8   Section        0  hid_transfer.o(i.USBD_SetStall)
    USBD_SetStall                            0x000037d9   Thumb Code    42  hid_transfer.o(i.USBD_SetStall)
    i.USBD_StandardRequest                   0x00003808   Section        0  usbd.o(i.USBD_StandardRequest)
    i.USBD_Start                             0x00003b4c   Section        0  usbd.o(i.USBD_Start)
    i.USBD_SwReset                           0x00003b78   Section        0  usbd.o(i.USBD_SwReset)
    i.USB_Init                               0x00003bdc   Section        0  main.o(i.USB_Init)
    i.Vertical_orbit_adjustment              0x00003c00   Section        0  ecx335af_calibration.o(i.Vertical_orbit_adjustment)
    i.WDT_IRQHandler                         0x00003c3c   Section        0  main.o(i.WDT_IRQHandler)
    i.WDT_Open                               0x00003c84   Section        0  wdt.o(i.WDT_Open)
    i.__ARM_common_switch8                   0x00003ca0   Section        0  backlight.o(i.__ARM_common_switch8)
    i._is_digit                              0x00003cbc   Section        0  __printf_wp.o(i._is_digit)
    i.bmm050_compensate_X_float              0x00003ccc   Section        0  imu_spi.o(i.bmm050_compensate_X_float)
    i.bmm050_compensate_Y_float              0x00003e7c   Section        0  imu_spi.o(i.bmm050_compensate_Y_float)
    i.bmm050_compensate_Z_float              0x0000402c   Section        0  imu_spi.o(i.bmm050_compensate_Z_float)
    i.bmm050_get_data_rate                   0x00004178   Section        0  imu_spi.o(i.bmm050_get_data_rate)
    i.bmm050_get_power_mode                  0x00004194   Section        0  imu_spi.o(i.bmm050_get_power_mode)
    i.bmm050_init_trim_registers             0x000041b4   Section        0  imu_spi.o(i.bmm050_init_trim_registers)
    i.bmm050_set_data_rate                   0x000042e8   Section        0  imu_spi.o(i.bmm050_set_data_rate)
    i.bmm050_set_functional_state            0x00004314   Section        0  imu_spi.o(i.bmm050_set_functional_state)
    i.bmm050_set_power_mode                  0x00004378   Section        0  imu_spi.o(i.bmm050_set_power_mode)
    i.bmm050_set_presetmode                  0x000043a8   Section        0  imu_spi.o(i.bmm050_set_presetmode)
    i.bmm050_set_rep_XY                      0x0000441e   Section        0  imu_spi.o(i.bmm050_set_rep_XY)
    i.bmm050_set_rep_Z                       0x00004434   Section        0  imu_spi.o(i.bmm050_set_rep_Z)
    i.delay_ms                               0x0000444a   Section        0  main.o(i.delay_ms)
    i.dl_flag_init                           0x00004464   Section        0  download_flag.o(i.dl_flag_init)
    i.fputc                                  0x000044a8   Section        0  retarget.o(i.fputc)
    i.get_dl_flag                            0x000044b8   Section        0  download_flag.o(i.get_dl_flag)
    i.i2c_alsps_init                         0x00004530   Section        0  i2c_alsps.o(i.i2c_alsps_init)
    i.iic_ack                                0x0000454c   Section        0  lp_i2c.o(i.iic_ack)
    iic_ack                                  0x0000454d   Thumb Code    40  lp_i2c.o(i.iic_ack)
    i.iic_delay                              0x00004578   Section        0  lp_i2c.o(i.iic_delay)
    iic_delay                                0x00004579   Thumb Code    16  lp_i2c.o(i.iic_delay)
    i.iic_nack                               0x00004588   Section        0  lp_i2c.o(i.iic_nack)
    iic_nack                                 0x00004589   Thumb Code    34  lp_i2c.o(i.iic_nack)
    i.iic_read_byte                          0x000045b0   Section        0  lp_i2c.o(i.iic_read_byte)
    iic_read_byte                            0x000045b1   Thumb Code   112  lp_i2c.o(i.iic_read_byte)
    i.iic_readbyte                           0x00004628   Section        0  lp_i2c.o(i.iic_readbyte)
    iic_readbyte                             0x00004629   Thumb Code    72  lp_i2c.o(i.iic_readbyte)
    i.iic_sendbyte                           0x00004674   Section        0  lp_i2c.o(i.iic_sendbyte)
    iic_sendbyte                             0x00004675   Thumb Code   116  lp_i2c.o(i.iic_sendbyte)
    i.iic_start                              0x000046f0   Section        0  lp_i2c.o(i.iic_start)
    iic_start                                0x000046f1   Thumb Code    36  lp_i2c.o(i.iic_start)
    i.iic_stop                               0x00004718   Section        0  lp_i2c.o(i.iic_stop)
    iic_stop                                 0x00004719   Thumb Code    44  lp_i2c.o(i.iic_stop)
    i.iic_write_byte                         0x00004748   Section        0  lp_i2c.o(i.iic_write_byte)
    iic_write_byte                           0x00004749   Thumb Code    56  lp_i2c.o(i.iic_write_byte)
    i.init_imu_chip                          0x00004780   Section        0  imu_spi.o(i.init_imu_chip)
    i.main                                   0x000047ec   Section        0  main.o(i.main)
    i.mcu_version_init                       0x00004920   Section        0  mcu_version.o(i.mcu_version_init)
    i.set_boot_flags                         0x00004930   Section        0  download_flag.o(i.set_boot_flags)
    i.set_data_flash_base                    0x000049e4   Section        0  mcu_version.o(i.set_data_flash_base)
    set_data_flash_base                      0x000049e5   Thumb Code    94  mcu_version.o(i.set_data_flash_base)
    i.set_dl_flag                            0x00004a48   Section        0  download_flag.o(i.set_dl_flag)
    i.stackDump                              0x00004ab4   Section        0  retarget.o(i.stackDump)
    i.step_1                                 0x00004b5c   Section        0  ecx335af.o(i.step_1)
    i.step_2                                 0x00004bc6   Section        0  ecx335af.o(i.step_2)
    i.step_3                                 0x00004be0   Section        0  ecx335af.o(i.step_3)
    i.step_4                                 0x00004bfa   Section        0  ecx335af.o(i.step_4)
    i.step_5                                 0x00004c14   Section        0  ecx335af.o(i.step_5)
    i.step_6                                 0x00004c3e   Section        0  ecx335af.o(i.step_6)
    i.step_6_1                               0x00004c88   Section        0  ecx335af.o(i.step_6_1)
    i.sy3096ps_enable                        0x00004ca2   Section        0  i2c_alsps.o(i.sy3096ps_enable)
    i.sy3096ps_process_data                  0x00004cc6   Section        0  i2c_alsps.o(i.sy3096ps_process_data)
    i.sy3096ps_read_ps                       0x00004ce4   Section        0  i2c_alsps.o(i.sy3096ps_read_ps)
    i.sy3096ps_set_threshold                 0x00004cee   Section        0  i2c_alsps.o(i.sy3096ps_set_threshold)
    x$fpl$fadd                               0x00004d08   Section      140  faddsub.o(x$fpl$fadd)
    _fadd1                                   0x00004d15   Thumb Code     0  faddsub.o(x$fpl$fadd)
    x$fpl$fmul                               0x00004d94   Section      176  fmul.o(x$fpl$fmul)
    x$fpl$fsub                               0x00004e44   Section      208  faddsub.o(x$fpl$fsub)
    _fsub1                                   0x00004e51   Thumb Code     0  faddsub.o(x$fpl$fsub)
    .constdata                               0x00004f14   Section       16  clk.o(.constdata)
    x$fpl$usenofp                            0x00004f14   Section        0  usenofp.o(x$fpl$usenofp)
    .constdata                               0x00004f24   Section       48  uart.o(.constdata)
    .constdata                               0x00004f54   Section       40  _printf_hex_int.o(.constdata)
    uc_hextab                                0x00004f54   Data          20  _printf_hex_int.o(.constdata)
    lc_hextab                                0x00004f68   Data          20  _printf_hex_int.o(.constdata)
    .constdata                               0x00004f7c   Section       17  __printf_flags_wp.o(.constdata)
    maptable                                 0x00004f7c   Data          17  __printf_flags_wp.o(.constdata)
    .constdata                               0x00004f8d   Section      128  ddiv.o(.constdata)
    ddiv_reciptbl                            0x00004f8d   Data         128  ddiv.o(.constdata)
    .conststring                             0x00005010   Section      232  main.o(.conststring)
    .data                                    0x20000000   Section        8  system_nano100series.o(.data)
    .data                                    0x20000008   Section        8  retarget.o(.data)
    .data                                    0x20000010   Section       68  usbd.o(.data)
    g_usbd_CtrlInPointer                     0x2000001c   Data           4  usbd.o(.data)
    g_usbd_CtrlInSize                        0x20000020   Data           4  usbd.o(.data)
    g_usbd_CtrlOutPointer                    0x20000024   Data           4  usbd.o(.data)
    g_usbd_CtrlOutSize                       0x20000028   Data           4  usbd.o(.data)
    g_usbd_CtrlOutSizeLimit                  0x2000002c   Data           4  usbd.o(.data)
    g_usbd_UsbAddr                           0x20000030   Data           4  usbd.o(.data)
    g_usbd_CtrlMaxPktSize                    0x20000034   Data           4  usbd.o(.data)
    g_usbd_UsbAltInterface                   0x20000038   Data           4  usbd.o(.data)
    .data                                    0x20000054   Section      212  descriptors.o(.data)
    .data                                    0x20000128   Section       54  backlight.o(.data)
    cali_adc                                 0x20000128   Data           4  backlight.o(.data)
    .data                                    0x20000160   Section      134  ecx335af.o(.data)
    cali_adc                                 0x20000160   Data           4  ecx335af.o(.data)
    s_EcxInit                                0x20000164   Data         130  ecx335af.o(.data)
    .data                                    0x200001e8   Section       20  hid_transfer.o(.data)
    cali_adc                                 0x200001e8   Data           4  hid_transfer.o(.data)
    g_u32BytesInPageBuf                      0x200001f4   Data           4  hid_transfer.o(.data)
    .data                                    0x200001fc   Section        8  imu_spi.o(.data)
    cali_adc                                 0x200001fc   Data           4  imu_spi.o(.data)
    p_bmm050                                 0x20000200   Data           4  imu_spi.o(.data)
    .data                                    0x20000204   Section        5  lp_i2c.o(.data)
    cali_adc                                 0x20000204   Data           4  lp_i2c.o(.data)
    ack                                      0x20000208   Data           1  lp_i2c.o(.data)
    .data                                    0x2000020c   Section        5  mcu_version.o(.data)
    cali_adc                                 0x2000020c   Data           4  mcu_version.o(.data)
    .bss                                     0x20000214   Section    10354  hid_transfer.o(.bss)
    g_u8PageBuff                             0x20000226   Data        2048  hid_transfer.o(.bss)
    g_u8TestPages                            0x20000a26   Data        8192  hid_transfer.o(.bss)
    .bss                                     0x20002a88   Section       20  mcu_version.o(.bss)
    .bss                                     0x20002a9c   Section       16  main.o(.bss)
    .bss                                     0x20002aac   Section       96  libspace.o(.bss)
    HEAP                                     0x20002b10   Section     1280  startup_nano100series.o(HEAP)
    Heap_Mem                                 0x20002b10   Data        1280  startup_nano100series.o(HEAP)
    STACK                                    0x20003010   Section     1280  startup_nano100series.o(STACK)
    Stack_Mem                                0x20003010   Data        1280  startup_nano100series.o(STACK)
    __initial_sp                             0x20003510   Data           0  startup_nano100series.o(STACK)

    Global Symbols

    Symbol Name                              Value     Ov Type        Size  Object(Section)

    BuildAttributes$$THM_ISAv3M$S$PE$A:L22$X:L11$S22$IEEE1$IW$USESV6$~STKCKD$USESV7$~SHL$OSPACE$ROPI$EBA8$UX$STANDARDLIB$REQ8$PRES8$EABIv2 0x00000000   Number         0  anon$$obj.o ABSOLUTE
    __ARM_use_no_argv                        0x00000000   Number         0  main.o ABSOLUTE
    __Vectors                                0x00000000   Data           4  startup_nano100series.o(RESET)
    _printf_flags                            0x00000000   Number         0  printf_stubs.o ABSOLUTE
    _printf_return_value                     0x00000000   Number         0  printf_stubs.o ABSOLUTE
    _printf_sizespec                         0x00000000   Number         0  printf_stubs.o ABSOLUTE
    _printf_widthprec                        0x00000000   Number         0  printf_stubs.o ABSOLUTE
    __ARM_exceptions_init                     - Undefined Weak Reference
    __alloca_initialize                       - Undefined Weak Reference
    __arm_preinit_                            - Undefined Weak Reference
    __cpp_initialize__aeabi_                  - Undefined Weak Reference
    __cxa_finalize                            - Undefined Weak Reference
    __rt_locale                               - Undefined Weak Reference
    __sigvec_lookup                           - Undefined Weak Reference
    _atexit_init                              - Undefined Weak Reference
    _call_atexit_fns                          - Undefined Weak Reference
    _clock_init                               - Undefined Weak Reference
    _fp_trap_init                             - Undefined Weak Reference
    _fp_trap_shutdown                         - Undefined Weak Reference
    _get_lc_collate                           - Undefined Weak Reference
    _get_lc_ctype                             - Undefined Weak Reference
    _get_lc_monetary                          - Undefined Weak Reference
    _get_lc_numeric                           - Undefined Weak Reference
    _get_lc_time                              - Undefined Weak Reference
    _getenv_init                              - Undefined Weak Reference
    _handle_redirection                       - Undefined Weak Reference
    _init_alloc                               - Undefined Weak Reference
    _init_user_alloc                          - Undefined Weak Reference
    _initio                                   - Undefined Weak Reference
    _mutex_acquire                            - Undefined Weak Reference
    _mutex_release                            - Undefined Weak Reference
    _printf_truncate_signed                   - Undefined Weak Reference
    _printf_truncate_unsigned                 - Undefined Weak Reference
    _rand_init                                - Undefined Weak Reference
    _signal_finish                            - Undefined Weak Reference
    _signal_init                              - Undefined Weak Reference
    _terminate_alloc                          - Undefined Weak Reference
    _terminate_user_alloc                     - Undefined Weak Reference
    _terminateio                              - Undefined Weak Reference
    __main                                   0x000000c1   Thumb Code     8  __main.o(!!!main)
    __scatterload                            0x000000c9   Thumb Code     0  __scatter.o(!!!scatter)
    __scatterload_rt2                        0x000000c9   Thumb Code    52  __scatter.o(!!!scatter)
    __scatterload_rt2_thumb_only             0x000000c9   Thumb Code     0  __scatter.o(!!!scatter)
    __scatterload_null                       0x000000d9   Thumb Code     0  __scatter.o(!!!scatter)
    __scatterload_copy                       0x00000105   Thumb Code    26  __scatter_copy.o(!!handler_copy)
    __scatterload_zeroinit                   0x00000121   Thumb Code    28  __scatter_zi.o(!!handler_zi)
    _printf_percent                          0x0000013d   Thumb Code     0  _printf_percent.o(.ARM.Collect$$_printf_percent$$00000000)
    _printf_d                                0x0000013f   Thumb Code     0  _printf_d.o(.ARM.Collect$$_printf_percent$$00000009)
    _printf_x                                0x00000149   Thumb Code     0  _printf_x.o(.ARM.Collect$$_printf_percent$$0000000C)
    _printf_percent_end                      0x00000153   Thumb Code     0  _printf_percent_end.o(.ARM.Collect$$_printf_percent$$00000017)
    __rt_lib_init                            0x00000157   Thumb Code     0  libinit.o(.ARM.Collect$$libinit$$00000000)
    __rt_lib_init_alloca_1                   0x00000159   Thumb Code     0  libinit2.o(.ARM.Collect$$libinit$$0000002E)
    __rt_lib_init_argv_1                     0x00000159   Thumb Code     0  libinit2.o(.ARM.Collect$$libinit$$0000002C)
    __rt_lib_init_atexit_1                   0x00000159   Thumb Code     0  libinit2.o(.ARM.Collect$$libinit$$0000001B)
    __rt_lib_init_clock_1                    0x00000159   Thumb Code     0  libinit2.o(.ARM.Collect$$libinit$$00000021)
    __rt_lib_init_cpp_1                      0x00000159   Thumb Code     0  libinit2.o(.ARM.Collect$$libinit$$00000032)
    __rt_lib_init_exceptions_1               0x00000159   Thumb Code     0  libinit2.o(.ARM.Collect$$libinit$$00000030)
    __rt_lib_init_fp_1                       0x00000159   Thumb Code     0  libinit2.o(.ARM.Collect$$libinit$$00000002)
    __rt_lib_init_fp_trap_1                  0x00000159   Thumb Code     0  libinit2.o(.ARM.Collect$$libinit$$0000001F)
    __rt_lib_init_getenv_1                   0x00000159   Thumb Code     0  libinit2.o(.ARM.Collect$$libinit$$00000023)
    __rt_lib_init_heap_1                     0x00000159   Thumb Code     0  libinit2.o(.ARM.Collect$$libinit$$0000000A)
    __rt_lib_init_lc_collate_1               0x00000159   Thumb Code     0  libinit2.o(.ARM.Collect$$libinit$$00000011)
    __rt_lib_init_lc_ctype_1                 0x00000159   Thumb Code     0  libinit2.o(.ARM.Collect$$libinit$$00000013)
    __rt_lib_init_lc_monetary_1              0x00000159   Thumb Code     0  libinit2.o(.ARM.Collect$$libinit$$00000015)
    __rt_lib_init_lc_numeric_1               0x00000159   Thumb Code     0  libinit2.o(.ARM.Collect$$libinit$$00000017)
    __rt_lib_init_lc_time_1                  0x00000159   Thumb Code     0  libinit2.o(.ARM.Collect$$libinit$$00000019)
    __rt_lib_init_preinit_1                  0x00000159   Thumb Code     0  libinit2.o(.ARM.Collect$$libinit$$00000004)
    __rt_lib_init_rand_1                     0x00000159   Thumb Code     0  libinit2.o(.ARM.Collect$$libinit$$0000000E)
    __rt_lib_init_return                     0x00000159   Thumb Code     0  libinit2.o(.ARM.Collect$$libinit$$00000033)
    __rt_lib_init_signal_1                   0x00000159   Thumb Code     0  libinit2.o(.ARM.Collect$$libinit$$0000001D)
    __rt_lib_init_stdio_1                    0x00000159   Thumb Code     0  libinit2.o(.ARM.Collect$$libinit$$00000025)
    __rt_lib_init_user_alloc_1               0x00000159   Thumb Code     0  libinit2.o(.ARM.Collect$$libinit$$0000000C)
    __rt_lib_shutdown                        0x0000015b   Thumb Code     0  libshutdown.o(.ARM.Collect$$libshutdown$$00000000)
    __rt_lib_shutdown_cpp_1                  0x0000015d   Thumb Code     0  libshutdown2.o(.ARM.Collect$$libshutdown$$00000002)
    __rt_lib_shutdown_fp_trap_1              0x0000015d   Thumb Code     0  libshutdown2.o(.ARM.Collect$$libshutdown$$00000007)
    __rt_lib_shutdown_heap_1                 0x0000015d   Thumb Code     0  libshutdown2.o(.ARM.Collect$$libshutdown$$0000000F)
    __rt_lib_shutdown_return                 0x0000015d   Thumb Code     0  libshutdown2.o(.ARM.Collect$$libshutdown$$00000010)
    __rt_lib_shutdown_signal_1               0x0000015d   Thumb Code     0  libshutdown2.o(.ARM.Collect$$libshutdown$$0000000A)
    __rt_lib_shutdown_stdio_1                0x0000015d   Thumb Code     0  libshutdown2.o(.ARM.Collect$$libshutdown$$00000004)
    __rt_lib_shutdown_user_alloc_1           0x0000015d   Thumb Code     0  libshutdown2.o(.ARM.Collect$$libshutdown$$0000000C)
    __rt_entry                               0x0000015f   Thumb Code     0  __rtentry.o(.ARM.Collect$$rtentry$$00000000)
    __rt_entry_presh_1                       0x0000015f   Thumb Code     0  __rtentry2.o(.ARM.Collect$$rtentry$$00000002)
    __rt_entry_sh                            0x0000015f   Thumb Code     0  __rtentry4.o(.ARM.Collect$$rtentry$$00000004)
    __rt_entry_li                            0x00000165   Thumb Code     0  __rtentry2.o(.ARM.Collect$$rtentry$$0000000A)
    __rt_entry_postsh_1                      0x00000165   Thumb Code     0  __rtentry2.o(.ARM.Collect$$rtentry$$00000009)
    __rt_entry_main                          0x00000169   Thumb Code     0  __rtentry2.o(.ARM.Collect$$rtentry$$0000000D)
    __rt_entry_postli_1                      0x00000169   Thumb Code     0  __rtentry2.o(.ARM.Collect$$rtentry$$0000000C)
    __rt_exit                                0x00000171   Thumb Code     0  rtexit.o(.ARM.Collect$$rtexit$$00000000)
    __rt_exit_ls                             0x00000173   Thumb Code     0  rtexit2.o(.ARM.Collect$$rtexit$$00000003)
    __rt_exit_prels_1                        0x00000173   Thumb Code     0  rtexit2.o(.ARM.Collect$$rtexit$$00000002)
    __rt_exit_exit                           0x00000177   Thumb Code     0  rtexit2.o(.ARM.Collect$$rtexit$$00000004)
    HardFault_Handler                        0x0000017d   Thumb Code    24  retarget.o(.emb_text)
    __aeabi_memcpy4                          0x00000199   Thumb Code    56  rt_memcpy.o(.emb_text)
    __aeabi_memcpy8                          0x00000199   Thumb Code     0  rt_memcpy.o(.emb_text)
    Reset_Handler                            0x000001d1   Thumb Code    28  startup_nano100series.o(.text)
    NMI_Handler                              0x000001ed   Thumb Code     2  startup_nano100series.o(.text)
    SVC_Handler                              0x000001f1   Thumb Code     2  startup_nano100series.o(.text)
    PendSV_Handler                           0x000001f3   Thumb Code     2  startup_nano100series.o(.text)
    SysTick_Handler                          0x000001f5   Thumb Code     2  startup_nano100series.o(.text)
    ADC_IRQHandler                           0x000001f7   Thumb Code     0  startup_nano100series.o(.text)
    BOD_IRQHandler                           0x000001f7   Thumb Code     0  startup_nano100series.o(.text)
    DAC_IRQHandler                           0x000001f7   Thumb Code     0  startup_nano100series.o(.text)
    EINT0_IRQHandler                         0x000001f7   Thumb Code     0  startup_nano100series.o(.text)
    EINT1_IRQHandler                         0x000001f7   Thumb Code     0  startup_nano100series.o(.text)
    HIRC_IRQHandler                          0x000001f7   Thumb Code     0  startup_nano100series.o(.text)
    I2C0_IRQHandler                          0x000001f7   Thumb Code     0  startup_nano100series.o(.text)
    I2C1_IRQHandler                          0x000001f7   Thumb Code     0  startup_nano100series.o(.text)
    I2S_IRQHandler                           0x000001f7   Thumb Code     0  startup_nano100series.o(.text)
    LCD_IRQHandler                           0x000001f7   Thumb Code     0  startup_nano100series.o(.text)
    PDMA_IRQHandler                          0x000001f7   Thumb Code     0  startup_nano100series.o(.text)
    PDWU_IRQHandler                          0x000001f7   Thumb Code     0  startup_nano100series.o(.text)
    PWM0_IRQHandler                          0x000001f7   Thumb Code     0  startup_nano100series.o(.text)
    PWM1_IRQHandler                          0x000001f7   Thumb Code     0  startup_nano100series.o(.text)
    RTC_IRQHandler                           0x000001f7   Thumb Code     0  startup_nano100series.o(.text)
    SC0_IRQHandler                           0x000001f7   Thumb Code     0  startup_nano100series.o(.text)
    SC1_IRQHandler                           0x000001f7   Thumb Code     0  startup_nano100series.o(.text)
    SC2_IRQHandler                           0x000001f7   Thumb Code     0  startup_nano100series.o(.text)
    SPI0_IRQHandler                          0x000001f7   Thumb Code     0  startup_nano100series.o(.text)
    SPI1_IRQHandler                          0x000001f7   Thumb Code     0  startup_nano100series.o(.text)
    SPI2_IRQHandler                          0x000001f7   Thumb Code     0  startup_nano100series.o(.text)
    TMR0_IRQHandler                          0x000001f7   Thumb Code     0  startup_nano100series.o(.text)
    TMR1_IRQHandler                          0x000001f7   Thumb Code     0  startup_nano100series.o(.text)
    TMR2_IRQHandler                          0x000001f7   Thumb Code     0  startup_nano100series.o(.text)
    TMR3_IRQHandler                          0x000001f7   Thumb Code     0  startup_nano100series.o(.text)
    UART0_IRQHandler                         0x000001f7   Thumb Code     0  startup_nano100series.o(.text)
    UART1_IRQHandler                         0x000001f7   Thumb Code     0  startup_nano100series.o(.text)
    __user_initial_stackheap                 0x000001f9   Thumb Code     0  startup_nano100series.o(.text)
    __2printf                                0x00000231   Thumb Code    22  noretval__2printf.o(.text)
    _printf_int_dec                          0x0000024d   Thumb Code    90  _printf_dec.o(.text)
    _printf_int_hex                          0x000002b9   Thumb Code    84  _printf_hex_int.o(.text)
    _printf_longlong_hex                     0x000002b9   Thumb Code     0  _printf_hex_int.o(.text)
    __printf                                 0x00000311   Thumb Code   306  __printf_flags_wp.o(.text)
    __aeabi_memcpy                           0x00000449   Thumb Code   130  rt_memcpy.o(.text)
    __rt_memcpy                              0x00000449   Thumb Code     0  rt_memcpy.o(.text)
    __aeabi_uwrite4                          0x000004cb   Thumb Code    16  uwrite4.o(.text)
    __rt_uwrite4                             0x000004cb   Thumb Code     0  uwrite4.o(.text)
    __aeabi_uidiv                            0x000004db   Thumb Code     0  aeabi_sdiv.o(.text)
    __aeabi_uidivmod                         0x000004db   Thumb Code    20  aeabi_sdiv.o(.text)
    __aeabi_idiv                             0x000004ef   Thumb Code     0  aeabi_sdiv.o(.text)
    __aeabi_idivmod                          0x000004ef   Thumb Code   326  aeabi_sdiv.o(.text)
    __use_two_region_memory                  0x00000635   Thumb Code     2  heapauxi.o(.text)
    __rt_heap_escrow$2region                 0x00000637   Thumb Code     2  heapauxi.o(.text)
    __rt_heap_expand$2region                 0x00000639   Thumb Code     2  heapauxi.o(.text)
    __aeabi_d2f                              0x0000063d   Thumb Code     0  d2f.o(.text)
    _d2f                                     0x0000063d   Thumb Code   120  d2f.o(.text)
    __aeabi_dadd                             0x000009b1   Thumb Code     0  daddsub.o(.text)
    _dadd                                    0x000009b1   Thumb Code    26  daddsub.o(.text)
    __aeabi_dsub                             0x000009cb   Thumb Code     0  daddsub.o(.text)
    _dsub                                    0x000009cb   Thumb Code    22  daddsub.o(.text)
    __aeabi_drsub                            0x000009e1   Thumb Code     0  daddsub.o(.text)
    _drsb                                    0x000009e1   Thumb Code    28  daddsub.o(.text)
    __aeabi_ddiv                             0x00000a11   Thumb Code     0  ddiv.o(.text)
    _ddiv                                    0x00000a11   Thumb Code  1072  ddiv.o(.text)
    _drdiv                                   0x00000e41   Thumb Code    20  ddiv.o(.text)
    __aeabi_i2d_normalise                    0x00000e59   Thumb Code    66  dflti.o(.text)
    __aeabi_i2d                              0x00000e9b   Thumb Code    16  dflti.o(.text)
    _dflt                                    0x00000e9b   Thumb Code     0  dflti.o(.text)
    __aeabi_ui2d                             0x00000eab   Thumb Code     6  dflti.o(.text)
    _dfltu                                   0x00000eab   Thumb Code     0  dflti.o(.text)
    __aeabi_dmul                             0x00000eb1   Thumb Code     0  dmul.o(.text)
    _dmul                                    0x00000eb1   Thumb Code   558  dmul.o(.text)
    __aeabi_f2d                              0x000010f9   Thumb Code     0  f2d.o(.text)
    _f2d                                     0x000010f9   Thumb Code    80  f2d.o(.text)
    __aeabi_i2f_normalise                    0x0000114d   Thumb Code    72  fflti.o(.text)
    __aeabi_i2f                              0x00001195   Thumb Code    16  fflti.o(.text)
    _fflt                                    0x00001195   Thumb Code     0  fflti.o(.text)
    __aeabi_ui2f                             0x000011a5   Thumb Code     6  fflti.o(.text)
    _ffltu                                   0x000011a5   Thumb Code     0  fflti.o(.text)
    _printf_int_common                       0x000011ab   Thumb Code   176  _printf_intcommon.o(.text)
    _printf_char_file                        0x0000125d   Thumb Code    34  _printf_char_file.o(.text)
    __rt_udiv10                              0x00001285   Thumb Code    40  rtudiv10.o(.text)
    _printf_char_common                      0x000012b7   Thumb Code    32  _printf_char_common.o(.text)
    ferror                                   0x000012dd   Thumb Code     8  ferror.o(.text)
    __user_setup_stackheap                   0x000012e5   Thumb Code    62  sys_stackheap_outer.o(.text)
    exit                                     0x00001323   Thumb Code    16  exit.o(.text)
    __user_libspace                          0x00001335   Thumb Code     8  libspace.o(.text)
    __user_perproc_libspace                  0x00001335   Thumb Code     0  libspace.o(.text)
    __user_perthread_libspace                0x00001335   Thumb Code     0  libspace.o(.text)
    _sys_exit                                0x0000133d   Thumb Code     8  sys_exit.o(.text)
    __I$use$semihosting                      0x00001349   Thumb Code     0  use_no_semi.o(.text)
    __use_no_semihosting_swi                 0x00001349   Thumb Code     2  use_no_semi.o(.text)
    ALP_ReadI2C_Byte                         0x0000134b   Thumb Code    14  i2c_alsps.o(i.ALP_ReadI2C_Byte)
    __semihosting_library_function           0x0000134b   Thumb Code     0  indicate_semi.o(.text)
    ALP_WriteI2C_Byte                        0x00001359   Thumb Code    18  i2c_alsps.o(i.ALP_WriteI2C_Byte)
    AlspsPro                                 0x0000136b   Thumb Code    26  i2c_alsps.o(i.AlspsPro)
    Backlight_Interrupt_Init                 0x00001385   Thumb Code    56  key.o(i.Backlight_Interrupt_Init)
    BrightHandler                            0x000013c5   Thumb Code   276  backlight.o(i.BrightHandler)
    Bright_Strong                            0x000014e1   Thumb Code    50  backlight.o(i.Bright_Strong)
    Bright_Weak                              0x00001519   Thumb Code    50  backlight.o(i.Bright_Weak)
    CLK_EnableModuleClock                    0x00001551   Thumb Code    32  clk.o(i.CLK_EnableModuleClock)
    CLK_EnablePLL                            0x00001575   Thumb Code   200  clk.o(i.CLK_EnablePLL)
    CLK_EnableXtalRC                         0x00001655   Thumb Code    72  clk.o(i.CLK_EnableXtalRC)
    CLK_GetHCLKFreq                          0x000016a1   Thumb Code    12  clk.o(i.CLK_GetHCLKFreq)
    CLK_GetPLLClockFreq                      0x000016b1   Thumb Code   120  clk.o(i.CLK_GetPLLClockFreq)
    CLK_SetCoreClock                         0x00001731   Thumb Code   138  clk.o(i.CLK_SetCoreClock)
    CLK_SetHCLK                              0x000017d5   Thumb Code    94  clk.o(i.CLK_SetHCLK)
    CLK_SetModuleClock                       0x00001839   Thumb Code    94  clk.o(i.CLK_SetModuleClock)
    CLK_SysTickDelay                         0x0000189d   Thumb Code    42  clk.o(i.CLK_SysTickDelay)
    CLK_WaitClockReady                       0x000018d1   Thumb Code    32  clk.o(i.CLK_WaitClockReady)
    Change_Mode                              0x000018f9   Thumb Code    12  ecx335af.o(i.Change_Mode)
    Check_VendorID                           0x00001909   Thumb Code    22  i2c_alsps.o(i.Check_VendorID)
    Data_Flash_Value_Init                    0x00001921   Thumb Code    30  mcu_version.o(i.Data_Flash_Value_Init)
    ECX_PwrSv_1                              0x0000195d   Thumb Code    26  ecx335af.o(i.ECX_PwrSv_1)
    ECX_PwrSv_2                              0x00001977   Thumb Code    26  ecx335af.o(i.ECX_PwrSv_2)
    EP2_Handler                              0x00001991   Thumb Code     2  hid_transfer.o(i.EP2_Handler)
    EP3_Handler                              0x00001995   Thumb Code    14  hid_transfer.o(i.EP3_Handler)
    Ecx335af_Calibration                     0x000019a9   Thumb Code    12  ecx335af_calibration.o(i.Ecx335af_Calibration)
    Ecx335af_Init                            0x000019b5   Thumb Code    46  ecx335af.o(i.Ecx335af_Init)
    Ecx335af_Power_Off                       0x000019e9   Thumb Code    18  ecx335af.o(i.Ecx335af_Power_Off)
    Ecx335af_Power_On                        0x00001a01   Thumb Code    94  ecx335af.o(i.Ecx335af_Power_On)
    Ecx335af_spi2_init                       0x00001a65   Thumb Code   112  ecx335af.o(i.Ecx335af_spi2_init)
    FMC_Close                                0x00001aed   Thumb Code    14  fmc.o(i.FMC_Close)
    FMC_Erase                                0x00001b01   Thumb Code    62  fmc.o(i.FMC_Erase)
    FMC_GetBootSource                        0x00001b45   Thumb Code    20  fmc.o(i.FMC_GetBootSource)
    FMC_Open                                 0x00001b5d   Thumb Code    14  fmc.o(i.FMC_Open)
    FMC_Read                                 0x00001b71   Thumb Code    36  fmc.o(i.FMC_Read)
    FMC_ReadCID                              0x00001b99   Thumb Code    34  fmc.o(i.FMC_ReadCID)
    FMC_ReadConfig                           0x00001bc1   Thumb Code    38  fmc.o(i.FMC_ReadConfig)
    FMC_ReadDataFlashBaseAddr                0x00001bed   Thumb Code     6  fmc.o(i.FMC_ReadDataFlashBaseAddr)
    FMC_ReadPID                              0x00001bf9   Thumb Code    34  fmc.o(i.FMC_ReadPID)
    FMC_ReadUCID                             0x00001c21   Thumb Code    38  fmc.o(i.FMC_ReadUCID)
    FMC_ReadUID                              0x00001c4d   Thumb Code    36  fmc.o(i.FMC_ReadUID)
    FMC_Write                                0x00001c75   Thumb Code    32  fmc.o(i.FMC_Write)
    FMC_WriteConfig                          0x00001c99   Thumb Code    58  fmc.o(i.FMC_WriteConfig)
    Fmc_Test                                 0x00001cdd   Thumb Code    58  mcu_version.o(i.Fmc_Test)
    GPABC_IRQHandler                         0x00001d19   Thumb Code   164  key.o(i.GPABC_IRQHandler)
    GPDEF_IRQHandler                         0x00001de1   Thumb Code    72  key.o(i.GPDEF_IRQHandler)
    GPIO_EnableInt                           0x00001e4d   Thumb Code    26  gpio.o(i.GPIO_EnableInt)
    GPIO_Init                                0x00001e69   Thumb Code   122  main.o(i.GPIO_Init)
    GPIO_SetMode                             0x00001eed   Thumb Code    46  gpio.o(i.GPIO_SetMode)
    Get_Mcu_Version                          0x00001f1d   Thumb Code   110  mcu_version.o(i.Get_Mcu_Version)
    Get_Vcali_From_Data_Flash                0x00001fcd   Thumb Code   114  ecx335af_calibration.o(i.Get_Vcali_From_Data_Flash)
    HID_ClassRequest                         0x0000204d   Thumb Code   140  hid_transfer.o(i.HID_ClassRequest)
    HID_CmdImuData                           0x000020dd   Thumb Code   274  hid_transfer.o(i.HID_CmdImuData)
    HID_Init                                 0x000021fd   Thumb Code    52  hid_transfer.o(i.HID_Init)
    Hard_Fault_Handler                       0x00002235   Thumb Code    18  retarget.o(i.Hard_Fault_Handler)
    Hid_Transfer_Data                        0x00002261   Thumb Code   278  hid_transfer.o(i.Hid_Transfer_Data)
    Horizontal_orbit_adjustment              0x000023c9   Thumb Code    60  ecx335af_calibration.o(i.Horizontal_orbit_adjustment)
    Imu_Acc_Raw                              0x00002405   Thumb Code    98  imu_spi.o(i.Imu_Acc_Raw)
    Imu_Gyro_Raw                             0x00002467   Thumb Code    80  imu_spi.o(i.Imu_Gyro_Raw)
    Imu_Mag_Raw                              0x000024b7   Thumb Code   222  imu_spi.o(i.Imu_Mag_Raw)
    Imu_Spi1_Init                            0x00002595   Thumb Code   156  imu_spi.o(i.Imu_Spi1_Init)
    Interrupt_Init                           0x00002655   Thumb Code    16  main.o(i.Interrupt_Init)
    LP_ReadI2C_Byte                          0x00002665   Thumb Code    36  lp_i2c.o(i.LP_ReadI2C_Byte)
    LP_WriteI2C_Byte                         0x00002689   Thumb Code    20  lp_i2c.o(i.LP_WriteI2C_Byte)
    MCU_FMC_Init                             0x0000269d   Thumb Code    90  mcu_version.o(i.MCU_FMC_Init)
    Mode_Change_Interrupt_Init               0x00002729   Thumb Code    30  key.o(i.Mode_Change_Interrupt_Init)
    PS_Interrupt_Init                        0x00002779   Thumb Code    38  i2c_alsps.o(i.PS_Interrupt_Init)
    SPI_Open                                 0x000027ad   Thumb Code    34  spi.o(i.SPI_Open)
    SPI_SetBusClock                          0x000027d1   Thumb Code   158  spi.o(i.SPI_SetBusClock)
    SYS_Init                                 0x0000287d   Thumb Code   128  main.o(i.SYS_Init)
    SendChar                                 0x00002995   Thumb Code    12  retarget.o(i.SendChar)
    SendChar_ToUART                          0x000029a1   Thumb Code    48  retarget.o(i.SendChar_ToUART)
    Set_Mcu_Version                          0x000029d5   Thumb Code   134  mcu_version.o(i.Set_Mcu_Version)
    Set_Value_To_Ecx335af                    0x00002a91   Thumb Code    32  ecx335af_calibration.o(i.Set_Value_To_Ecx335af)
    Set_Vcali_To_Data_Flash                  0x00002ab5   Thumb Code   140  ecx335af_calibration.o(i.Set_Vcali_To_Data_Flash)
    Spi_ReadReg_1                            0x00002b51   Thumb Code   288  ecx335af.o(i.Spi_ReadReg_1)
    Spi_ReadReg_2                            0x00002c79   Thumb Code   298  ecx335af.o(i.Spi_ReadReg_2)
    Spi_ReadReg_Acc                          0x00002dad   Thumb Code    76  imu_spi.o(i.Spi_ReadReg_Acc)
    Spi_ReadReg_Gyro                         0x00002e01   Thumb Code    76  imu_spi.o(i.Spi_ReadReg_Gyro)
    Spi_ReadReg_Mag                          0x00002e55   Thumb Code    76  imu_spi.o(i.Spi_ReadReg_Mag)
    Spi_WriteReg_1                           0x00002ea9   Thumb Code    88  ecx335af.o(i.Spi_WriteReg_1)
    Spi_WriteReg_2                           0x00002f09   Thumb Code    90  ecx335af.o(i.Spi_WriteReg_2)
    Spi_WriteReg_Acc                         0x00002f6d   Thumb Code    66  imu_spi.o(i.Spi_WriteReg_Acc)
    Spi_WriteReg_Gyro                        0x00002fb9   Thumb Code    66  imu_spi.o(i.Spi_WriteReg_Gyro)
    Spi_WriteReg_Mag                         0x00003005   Thumb Code    66  imu_spi.o(i.Spi_WriteReg_Mag)
    SysGet_HCLKFreq                          0x00003051   Thumb Code    68  system_nano100series.o(i.SysGet_HCLKFreq)
    SysGet_PLLClockFreq                      0x000030a1   Thumb Code   120  system_nano100series.o(i.SysGet_PLLClockFreq)
    SystemCoreClockUpdate                    0x00003121   Thumb Code    30  system_nano100series.o(i.SystemCoreClockUpdate)
    UART_Open                                0x0000314d   Thumb Code   146  uart.o(i.UART_Open)
    USBD_CtrlIn                              0x000031ed   Thumb Code   172  usbd.o(i.USBD_CtrlIn)
    USBD_CtrlOut                             0x000032b5   Thumb Code    56  usbd.o(i.USBD_CtrlOut)
    USBD_GetDescriptor                       0x00003301   Thumb Code   394  usbd.o(i.USBD_GetDescriptor)
    USBD_GetSetupPacket                      0x00003499   Thumb Code    16  usbd.o(i.USBD_GetSetupPacket)
    USBD_IRQHandler                          0x000034ad   Thumb Code   372  hid_transfer.o(i.USBD_IRQHandler)
    USBD_Open                                0x00003651   Thumb Code    62  usbd.o(i.USBD_Open)
    USBD_PrepareCtrlIn                       0x000036a9   Thumb Code   114  usbd.o(i.USBD_PrepareCtrlIn)
    USBD_PrepareCtrlOut                      0x00003731   Thumb Code    24  usbd.o(i.USBD_PrepareCtrlOut)
    USBD_ProcessSetupPacket                  0x0000375d   Thumb Code   104  usbd.o(i.USBD_ProcessSetupPacket)
    USBD_StandardRequest                     0x00003809   Thumb Code   788  usbd.o(i.USBD_StandardRequest)
    USBD_Start                               0x00003b4d   Thumb Code    34  usbd.o(i.USBD_Start)
    USBD_SwReset                             0x00003b79   Thumb Code    70  usbd.o(i.USBD_SwReset)
    USB_Init                                 0x00003bdd   Thumb Code    28  main.o(i.USB_Init)
    Vertical_orbit_adjustment                0x00003c01   Thumb Code    60  ecx335af_calibration.o(i.Vertical_orbit_adjustment)
    WDT_IRQHandler                           0x00003c3d   Thumb Code    48  main.o(i.WDT_IRQHandler)
    WDT_Open                                 0x00003c85   Thumb Code    24  wdt.o(i.WDT_Open)
    __ARM_common_switch8                     0x00003ca1   Thumb Code    28  backlight.o(i.__ARM_common_switch8)
    _is_digit                                0x00003cbd   Thumb Code    14  __printf_wp.o(i._is_digit)
    bmm050_compensate_X_float                0x00003ccd   Thumb Code   394  imu_spi.o(i.bmm050_compensate_X_float)
    bmm050_compensate_Y_float                0x00003e7d   Thumb Code   394  imu_spi.o(i.bmm050_compensate_Y_float)
    bmm050_compensate_Z_float                0x0000402d   Thumb Code   312  imu_spi.o(i.bmm050_compensate_Z_float)
    bmm050_get_data_rate                     0x00004179   Thumb Code    28  imu_spi.o(i.bmm050_get_data_rate)
    bmm050_get_power_mode                    0x00004195   Thumb Code    30  imu_spi.o(i.bmm050_get_power_mode)
    bmm050_init_trim_registers               0x000041b5   Thumb Code   302  imu_spi.o(i.bmm050_init_trim_registers)
    bmm050_set_data_rate                     0x000042e9   Thumb Code    44  imu_spi.o(i.bmm050_set_data_rate)
    bmm050_set_functional_state              0x00004315   Thumb Code   100  imu_spi.o(i.bmm050_set_functional_state)
    bmm050_set_power_mode                    0x00004379   Thumb Code    48  imu_spi.o(i.bmm050_set_power_mode)
    bmm050_set_presetmode                    0x000043a9   Thumb Code   118  imu_spi.o(i.bmm050_set_presetmode)
    bmm050_set_rep_XY                        0x0000441f   Thumb Code    22  imu_spi.o(i.bmm050_set_rep_XY)
    bmm050_set_rep_Z                         0x00004435   Thumb Code    22  imu_spi.o(i.bmm050_set_rep_Z)
    delay_ms                                 0x0000444b   Thumb Code    26  main.o(i.delay_ms)
    dl_flag_init                             0x00004465   Thumb Code    22  download_flag.o(i.dl_flag_init)
    fputc                                    0x000044a9   Thumb Code    16  retarget.o(i.fputc)
    get_dl_flag                              0x000044b9   Thumb Code    50  download_flag.o(i.get_dl_flag)
    i2c_alsps_init                           0x00004531   Thumb Code    28  i2c_alsps.o(i.i2c_alsps_init)
    init_imu_chip                            0x00004781   Thumb Code   102  imu_spi.o(i.init_imu_chip)
    main                                     0x000047ed   Thumb Code   242  main.o(i.main)
    mcu_version_init                         0x00004921   Thumb Code    16  mcu_version.o(i.mcu_version_init)
    set_boot_flags                           0x00004931   Thumb Code    98  download_flag.o(i.set_boot_flags)
    set_dl_flag                              0x00004a49   Thumb Code    50  download_flag.o(i.set_dl_flag)
    stackDump                                0x00004ab5   Thumb Code    70  retarget.o(i.stackDump)
    step_1                                   0x00004b5d   Thumb Code   106  ecx335af.o(i.step_1)
    step_2                                   0x00004bc7   Thumb Code    26  ecx335af.o(i.step_2)
    step_3                                   0x00004be1   Thumb Code    26  ecx335af.o(i.step_3)
    step_4                                   0x00004bfb   Thumb Code    26  ecx335af.o(i.step_4)
    step_5                                   0x00004c15   Thumb Code    42  ecx335af.o(i.step_5)
    step_6                                   0x00004c3f   Thumb Code    74  ecx335af.o(i.step_6)
    step_6_1                                 0x00004c89   Thumb Code    26  ecx335af.o(i.step_6_1)
    sy3096ps_enable                          0x00004ca3   Thumb Code    36  i2c_alsps.o(i.sy3096ps_enable)
    sy3096ps_process_data                    0x00004cc7   Thumb Code    30  i2c_alsps.o(i.sy3096ps_process_data)
    sy3096ps_read_ps                         0x00004ce5   Thumb Code    10  i2c_alsps.o(i.sy3096ps_read_ps)
    sy3096ps_set_threshold                   0x00004cef   Thumb Code    24  i2c_alsps.o(i.sy3096ps_set_threshold)
    __aeabi_fadd                             0x00004d09   Thumb Code     0  faddsub.o(x$fpl$fadd)
    _fadd                                    0x00004d09   Thumb Code   134  faddsub.o(x$fpl$fadd)
    __aeabi_fmul                             0x00004d95   Thumb Code     0  fmul.o(x$fpl$fmul)
    _fmul                                    0x00004d95   Thumb Code   172  fmul.o(x$fpl$fmul)
    __aeabi_fsub                             0x00004e45   Thumb Code     0  faddsub.o(x$fpl$fsub)
    _fsub                                    0x00004e45   Thumb Code   204  faddsub.o(x$fpl$fsub)
    __I$use$fp                               0x00004f14   Number         0  usenofp.o(x$fpl$usenofp)
    Region$$Table$$Base                      0x000050f8   Number         0  anon$$obj.o(Region$$Table)
    Region$$Table$$Limit                     0x00005118   Number         0  anon$$obj.o(Region$$Table)
    SystemCoreClock                          0x20000000   Data           4  system_nano100series.o(.data)
    CyclesPerUs                              0x20000004   Data           4  system_nano100series.o(.data)
    __stdout                                 0x20000008   Data           4  retarget.o(.data)
    __stdin                                  0x2000000c   Data           4  retarget.o(.data)
    g_usbd_SetupPacket                       0x20000010   Data           8  usbd.o(.data)
    g_usbd_RemoteWakeupEn                    0x20000018   Data           1  usbd.o(.data)
    g_usbd_UsbConfig                         0x2000003c   Data           4  usbd.o(.data)
    g_usbd_sInfo                             0x20000040   Data           4  usbd.o(.data)
    g_usbd_pfnVendorRequest                  0x20000044   Data           4  usbd.o(.data)
    g_usbd_pfnClassRequest                   0x20000048   Data           4  usbd.o(.data)
    g_usbd_pfnSetInterface                   0x2000004c   Data           4  usbd.o(.data)
    g_u32EpStallLock                         0x20000050   Data           4  usbd.o(.data)
    HID_DeviceReportDescriptor               0x20000054   Data          29  descriptors.o(.data)
    gu8DeviceDescriptor                      0x20000071   Data          18  descriptors.o(.data)
    gu8ConfigDescriptor                      0x20000083   Data          41  descriptors.o(.data)
    gu8StringLang                            0x200000ac   Data           4  descriptors.o(.data)
    gu8VendorStringDesc                      0x200000b0   Data          16  descriptors.o(.data)
    gu8ProductStringDesc                     0x200000c0   Data          26  descriptors.o(.data)
    gpu8UsbString                            0x200000dc   Data          16  descriptors.o(.data)
    gu8UsbHidReport                          0x200000ec   Data          12  descriptors.o(.data)
    gu32UsbHidReportLen                      0x200000f8   Data          12  descriptors.o(.data)
    gu32ConfigHidDescIdx                     0x20000104   Data          12  descriptors.o(.data)
    gsInfo                                   0x20000110   Data          24  descriptors.o(.data)
    g_CalDac_Reg                             0x2000012c   Data           1  backlight.o(.data)
    g_LcdSettingAdj                          0x2000012d   Data          49  backlight.o(.data)
    g_u8EP2Ready                             0x200001ec   Data           1  hid_transfer.o(.data)
    EP3_READY                                0x200001f0   Data           4  hid_transfer.o(.data)
    gi32CmdTestCnt                           0x200001f8   Data           4  hid_transfer.o(.data)
    dl_flag                                  0x20000210   Data           1  mcu_version.o(.data)
    gCmd                                     0x20000214   Data          18  hid_transfer.o(.bss)
    hCmd                                     0x20002a26   Data          32  hid_transfer.o(.bss)
    hCmdR                                    0x20002a46   Data          64  hid_transfer.o(.bss)
    data_flash                               0x20002a88   Data          20  mcu_version.o(.bss)
    bmm050                                   0x20002a9c   Data          16  main.o(.bss)
    __libspace_start                         0x20002aac   Data          96  libspace.o(.bss)
    __temporary_stack_top$libspace           0x20002b0c   Data           0  libspace.o(.bss)



==============================================================================

Memory Map of the image

  Image Entry point : 0x000001d1

  Load Region LR_1 (Base: 0x00000000, Size: 0x0000532c, Max: 0xffffffff, ABSOLUTE)

    Execution Region ER_RO (Exec base: 0x00000000, Load base: 0x00000000, Size: 0x00005118, Max: 0xffffffff, ABSOLUTE)

    Exec Addr    Load Addr    Size         Type   Attr      Idx    E Section Name        Object

    0x00000000   0x00000000   0x000000c0   Data   RO          130    RESET               startup_nano100series.o
    0x000000c0   0x000000c0   0x00000008   Code   RO         2479  * !!!main             c_p.l(__main.o)
    0x000000c8   0x000000c8   0x0000003c   Code   RO         2691    !!!scatter          c_p.l(__scatter.o)
    0x00000104   0x00000104   0x0000001a   Code   RO         2693    !!handler_copy      c_p.l(__scatter_copy.o)
    0x0000011e   0x0000011e   0x00000002   PAD
    0x00000120   0x00000120   0x0000001c   Code   RO         2695    !!handler_zi        c_p.l(__scatter_zi.o)
    0x0000013c   0x0000013c   0x00000002   Code   RO         2460    .ARM.Collect$$_printf_percent$$00000000  c_p.l(_printf_percent.o)
    0x0000013e   0x0000013e   0x0000000a   Code   RO         2459    .ARM.Collect$$_printf_percent$$00000009  c_p.l(_printf_d.o)
    0x00000148   0x00000148   0x0000000a   Code   RO         2458    .ARM.Collect$$_printf_percent$$0000000C  c_p.l(_printf_x.o)
    0x00000152   0x00000152   0x00000004   Code   RO         2515    .ARM.Collect$$_printf_percent$$00000017  c_p.l(_printf_percent_end.o)
    0x00000156   0x00000156   0x00000002   Code   RO         2562    .ARM.Collect$$libinit$$00000000  c_p.l(libinit.o)
    0x00000158   0x00000158   0x00000000   Code   RO         2576    .ARM.Collect$$libinit$$00000002  c_p.l(libinit2.o)
    0x00000158   0x00000158   0x00000000   Code   RO         2578    .ARM.Collect$$libinit$$00000004  c_p.l(libinit2.o)
    0x00000158   0x00000158   0x00000000   Code   RO         2581    .ARM.Collect$$libinit$$0000000A  c_p.l(libinit2.o)
    0x00000158   0x00000158   0x00000000   Code   RO         2583    .ARM.Collect$$libinit$$0000000C  c_p.l(libinit2.o)
    0x00000158   0x00000158   0x00000000   Code   RO         2585    .ARM.Collect$$libinit$$0000000E  c_p.l(libinit2.o)
    0x00000158   0x00000158   0x00000000   Code   RO         2588    .ARM.Collect$$libinit$$00000011  c_p.l(libinit2.o)
    0x00000158   0x00000158   0x00000000   Code   RO         2590    .ARM.Collect$$libinit$$00000013  c_p.l(libinit2.o)
    0x00000158   0x00000158   0x00000000   Code   RO         2592    .ARM.Collect$$libinit$$00000015  c_p.l(libinit2.o)
    0x00000158   0x00000158   0x00000000   Code   RO         2594    .ARM.Collect$$libinit$$00000017  c_p.l(libinit2.o)
    0x00000158   0x00000158   0x00000000   Code   RO         2596    .ARM.Collect$$libinit$$00000019  c_p.l(libinit2.o)
    0x00000158   0x00000158   0x00000000   Code   RO         2598    .ARM.Collect$$libinit$$0000001B  c_p.l(libinit2.o)
    0x00000158   0x00000158   0x00000000   Code   RO         2600    .ARM.Collect$$libinit$$0000001D  c_p.l(libinit2.o)
    0x00000158   0x00000158   0x00000000   Code   RO         2602    .ARM.Collect$$libinit$$0000001F  c_p.l(libinit2.o)
    0x00000158   0x00000158   0x00000000   Code   RO         2604    .ARM.Collect$$libinit$$00000021  c_p.l(libinit2.o)
    0x00000158   0x00000158   0x00000000   Code   RO         2606    .ARM.Collect$$libinit$$00000023  c_p.l(libinit2.o)
    0x00000158   0x00000158   0x00000000   Code   RO         2608    .ARM.Collect$$libinit$$00000025  c_p.l(libinit2.o)
    0x00000158   0x00000158   0x00000000   Code   RO         2612    .ARM.Collect$$libinit$$0000002C  c_p.l(libinit2.o)
    0x00000158   0x00000158   0x00000000   Code   RO         2614    .ARM.Collect$$libinit$$0000002E  c_p.l(libinit2.o)
    0x00000158   0x00000158   0x00000000   Code   RO         2616    .ARM.Collect$$libinit$$00000030  c_p.l(libinit2.o)
    0x00000158   0x00000158   0x00000000   Code   RO         2618    .ARM.Collect$$libinit$$00000032  c_p.l(libinit2.o)
    0x00000158   0x00000158   0x00000002   Code   RO         2619    .ARM.Collect$$libinit$$00000033  c_p.l(libinit2.o)
    0x0000015a   0x0000015a   0x00000002   Code   RO         2648    .ARM.Collect$$libshutdown$$00000000  c_p.l(libshutdown.o)
    0x0000015c   0x0000015c   0x00000000   Code   RO         2674    .ARM.Collect$$libshutdown$$00000002  c_p.l(libshutdown2.o)
    0x0000015c   0x0000015c   0x00000000   Code   RO         2676    .ARM.Collect$$libshutdown$$00000004  c_p.l(libshutdown2.o)
    0x0000015c   0x0000015c   0x00000000   Code   RO         2679    .ARM.Collect$$libshutdown$$00000007  c_p.l(libshutdown2.o)
    0x0000015c   0x0000015c   0x00000000   Code   RO         2682    .ARM.Collect$$libshutdown$$0000000A  c_p.l(libshutdown2.o)
    0x0000015c   0x0000015c   0x00000000   Code   RO         2684    .ARM.Collect$$libshutdown$$0000000C  c_p.l(libshutdown2.o)
    0x0000015c   0x0000015c   0x00000000   Code   RO         2687    .ARM.Collect$$libshutdown$$0000000F  c_p.l(libshutdown2.o)
    0x0000015c   0x0000015c   0x00000002   Code   RO         2688    .ARM.Collect$$libshutdown$$00000010  c_p.l(libshutdown2.o)
    0x0000015e   0x0000015e   0x00000000   Code   RO         2504    .ARM.Collect$$rtentry$$00000000  c_p.l(__rtentry.o)
    0x0000015e   0x0000015e   0x00000000   Code   RO         2520    .ARM.Collect$$rtentry$$00000002  c_p.l(__rtentry2.o)
    0x0000015e   0x0000015e   0x00000006   Code   RO         2532    .ARM.Collect$$rtentry$$00000004  c_p.l(__rtentry4.o)
    0x00000164   0x00000164   0x00000000   Code   RO         2522    .ARM.Collect$$rtentry$$00000009  c_p.l(__rtentry2.o)
    0x00000164   0x00000164   0x00000004   Code   RO         2523    .ARM.Collect$$rtentry$$0000000A  c_p.l(__rtentry2.o)
    0x00000168   0x00000168   0x00000000   Code   RO         2525    .ARM.Collect$$rtentry$$0000000C  c_p.l(__rtentry2.o)
    0x00000168   0x00000168   0x00000008   Code   RO         2526    .ARM.Collect$$rtentry$$0000000D  c_p.l(__rtentry2.o)
    0x00000170   0x00000170   0x00000002   Code   RO         2567    .ARM.Collect$$rtexit$$00000000  c_p.l(rtexit.o)
    0x00000172   0x00000172   0x00000000   Code   RO         2623    .ARM.Collect$$rtexit$$00000002  c_p.l(rtexit2.o)
    0x00000172   0x00000172   0x00000004   Code   RO         2624    .ARM.Collect$$rtexit$$00000003  c_p.l(rtexit2.o)
    0x00000176   0x00000176   0x00000006   Code   RO         2625    .ARM.Collect$$rtexit$$00000004  c_p.l(rtexit2.o)
    0x0000017c   0x0000017c   0x0000001c   Code   RO          448    .emb_text           retarget.o
    0x00000198   0x00000198   0x00000038   Code   RO         2461    .emb_text           c_p.l(rt_memcpy.o)
    0x000001d0   0x000001d0   0x00000060   Code   RO          131  * .text               startup_nano100series.o
    0x00000230   0x00000230   0x0000001c   Code   RO         2409    .text               c_p.l(noretval__2printf.o)
    0x0000024c   0x0000024c   0x0000006c   Code   RO         2415    .text               c_p.l(_printf_dec.o)
    0x000002b8   0x000002b8   0x00000058   Code   RO         2420    .text               c_p.l(_printf_hex_int.o)
    0x00000310   0x00000310   0x00000138   Code   RO         2450    .text               c_p.l(__printf_flags_wp.o)
    0x00000448   0x00000448   0x00000082   Code   RO         2462    .text               c_p.l(rt_memcpy.o)
    0x000004ca   0x000004ca   0x00000010   Code   RO         2471    .text               c_p.l(uwrite4.o)
    0x000004da   0x000004da   0x0000015a   Code   RO         2473    .text               c_p.l(aeabi_sdiv.o)
    0x00000634   0x00000634   0x00000006   Code   RO         2477    .text               c_p.l(heapauxi.o)
    0x0000063a   0x0000063a   0x00000002   PAD
    0x0000063c   0x0000063c   0x0000007c   Code   RO         2481    .text               fz_ps.l(d2f.o)
    0x000006b8   0x000006b8   0x00000358   Code   RO         2483    .text               fz_ps.l(daddsub.o)
    0x00000a10   0x00000a10   0x00000448   Code   RO         2485    .text               fz_ps.l(ddiv.o)
    0x00000e58   0x00000e58   0x00000058   Code   RO         2488    .text               fz_ps.l(dflti.o)
    0x00000eb0   0x00000eb0   0x00000248   Code   RO         2490    .text               fz_ps.l(dmul.o)
    0x000010f8   0x000010f8   0x00000054   Code   RO         2492    .text               fz_ps.l(f2d.o)
    0x0000114c   0x0000114c   0x0000005e   Code   RO         2500    .text               fz_ps.l(fflti.o)
    0x000011aa   0x000011aa   0x000000b0   Code   RO         2511    .text               c_p.l(_printf_intcommon.o)
    0x0000125a   0x0000125a   0x00000002   PAD
    0x0000125c   0x0000125c   0x00000028   Code   RO         2513    .text               c_p.l(_printf_char_file.o)
    0x00001284   0x00001284   0x00000028   Code   RO         2516    .text               c_p.l(rtudiv10.o)
    0x000012ac   0x000012ac   0x00000030   Code   RO         2540    .text               c_p.l(_printf_char_common.o)
    0x000012dc   0x000012dc   0x00000008   Code   RO         2542    .text               c_p.l(ferror.o)
    0x000012e4   0x000012e4   0x0000003e   Code   RO         2546    .text               c_p.l(sys_stackheap_outer.o)
    0x00001322   0x00001322   0x00000010   Code   RO         2551    .text               c_p.l(exit.o)
    0x00001332   0x00001332   0x00000002   PAD
    0x00001334   0x00001334   0x00000008   Code   RO         2563    .text               c_p.l(libspace.o)
    0x0000133c   0x0000133c   0x0000000c   Code   RO         2620    .text               c_p.l(sys_exit.o)
    0x00001348   0x00001348   0x00000002   Code   RO         2637    .text               c_p.l(use_no_semi.o)
    0x0000134a   0x0000134a   0x00000000   Code   RO         2639    .text               c_p.l(indicate_semi.o)
    0x0000134a   0x0000134a   0x0000000e   Code   RO         2165    i.ALP_ReadI2C_Byte  i2c_alsps.o
    0x00001358   0x00001358   0x00000012   Code   RO         2166    i.ALP_WriteI2C_Byte  i2c_alsps.o
    0x0000136a   0x0000136a   0x0000001a   Code   RO         2167    i.AlspsPro          i2c_alsps.o
    0x00001384   0x00001384   0x00000040   Code   RO         1705    i.Backlight_Interrupt_Init  key.o
    0x000013c4   0x000013c4   0x0000011c   Code   RO         1071    i.BrightHandler     backlight.o
    0x000014e0   0x000014e0   0x00000038   Code   RO         1072    i.Bright_Strong     backlight.o
    0x00001518   0x00001518   0x00000038   Code   RO         1073    i.Bright_Weak       backlight.o
    0x00001550   0x00001550   0x00000024   Code   RO          143    i.CLK_EnableModuleClock  clk.o
    0x00001574   0x00001574   0x000000e0   Code   RO          144    i.CLK_EnablePLL     clk.o
    0x00001654   0x00001654   0x0000004c   Code   RO          146    i.CLK_EnableXtalRC  clk.o
    0x000016a0   0x000016a0   0x00000010   Code   RO          148    i.CLK_GetHCLKFreq   clk.o
    0x000016b0   0x000016b0   0x00000080   Code   RO          151    i.CLK_GetPLLClockFreq  clk.o
    0x00001730   0x00001730   0x000000a4   Code   RO          154    i.CLK_SetCoreClock  clk.o
    0x000017d4   0x000017d4   0x00000064   Code   RO          155    i.CLK_SetHCLK       clk.o
    0x00001838   0x00001838   0x00000064   Code   RO          156    i.CLK_SetModuleClock  clk.o
    0x0000189c   0x0000189c   0x00000034   Code   RO          157    i.CLK_SysTickDelay  clk.o
    0x000018d0   0x000018d0   0x00000028   Code   RO          158    i.CLK_WaitClockReady  clk.o
    0x000018f8   0x000018f8   0x00000010   Code   RO         1152    i.Change_Mode       ecx335af.o
    0x00001908   0x00001908   0x00000016   Code   RO         2168    i.Check_VendorID    i2c_alsps.o
    0x0000191e   0x0000191e   0x00000002   PAD
    0x00001920   0x00001920   0x0000003c   Code   RO         2094    i.Data_Flash_Value_Init  mcu_version.o
    0x0000195c   0x0000195c   0x0000001a   Code   RO         1153    i.ECX_PwrSv_1       ecx335af.o
    0x00001976   0x00001976   0x0000001a   Code   RO         1154    i.ECX_PwrSv_2       ecx335af.o
    0x00001990   0x00001990   0x00000002   Code   RO         1306    i.EP2_Handler       hid_transfer.o
    0x00001992   0x00001992   0x00000002   PAD
    0x00001994   0x00001994   0x00000014   Code   RO         1307    i.EP3_Handler       hid_transfer.o
    0x000019a8   0x000019a8   0x0000000c   Code   RO         1827    i.Ecx335af_Calibration  ecx335af_calibration.o
    0x000019b4   0x000019b4   0x00000034   Code   RO         1156    i.Ecx335af_Init     ecx335af.o
    0x000019e8   0x000019e8   0x00000018   Code   RO         1157    i.Ecx335af_Power_Off  ecx335af.o
    0x00001a00   0x00001a00   0x00000064   Code   RO         1158    i.Ecx335af_Power_On  ecx335af.o
    0x00001a64   0x00001a64   0x00000088   Code   RO         1160    i.Ecx335af_spi2_init  ecx335af.o
    0x00001aec   0x00001aec   0x00000014   Code   RO         1897    i.FMC_Close         fmc.o
    0x00001b00   0x00001b00   0x00000044   Code   RO         1898    i.FMC_Erase         fmc.o
    0x00001b44   0x00001b44   0x00000018   Code   RO         1899    i.FMC_GetBootSource  fmc.o
    0x00001b5c   0x00001b5c   0x00000014   Code   RO         1901    i.FMC_Open          fmc.o
    0x00001b70   0x00001b70   0x00000028   Code   RO         1902    i.FMC_Read          fmc.o
    0x00001b98   0x00001b98   0x00000028   Code   RO         1903    i.FMC_ReadCID       fmc.o
    0x00001bc0   0x00001bc0   0x0000002c   Code   RO         1904    i.FMC_ReadConfig    fmc.o
    0x00001bec   0x00001bec   0x0000000c   Code   RO         1905    i.FMC_ReadDataFlashBaseAddr  fmc.o
    0x00001bf8   0x00001bf8   0x00000028   Code   RO         1906    i.FMC_ReadPID       fmc.o
    0x00001c20   0x00001c20   0x0000002c   Code   RO         1907    i.FMC_ReadUCID      fmc.o
    0x00001c4c   0x00001c4c   0x00000028   Code   RO         1908    i.FMC_ReadUID       fmc.o
    0x00001c74   0x00001c74   0x00000024   Code   RO         1910    i.FMC_Write         fmc.o
    0x00001c98   0x00001c98   0x00000044   Code   RO         1911    i.FMC_WriteConfig   fmc.o
    0x00001cdc   0x00001cdc   0x0000003a   Code   RO         2095    i.Fmc_Test          mcu_version.o
    0x00001d16   0x00001d16   0x00000002   PAD
    0x00001d18   0x00001d18   0x000000c8   Code   RO         1706    i.GPABC_IRQHandler  key.o
    0x00001de0   0x00001de0   0x0000006c   Code   RO         1707    i.GPDEF_IRQHandler  key.o
    0x00001e4c   0x00001e4c   0x0000001a   Code   RO          289    i.GPIO_EnableInt    gpio.o
    0x00001e66   0x00001e66   0x00000002   PAD
    0x00001e68   0x00001e68   0x00000084   Code   RO         2324    i.GPIO_Init         main.o
    0x00001eec   0x00001eec   0x0000002e   Code   RO          290    i.GPIO_SetMode      gpio.o
    0x00001f1a   0x00001f1a   0x00000002   PAD
    0x00001f1c   0x00001f1c   0x000000b0   Code   RO         2096    i.Get_Mcu_Version   mcu_version.o
    0x00001fcc   0x00001fcc   0x00000080   Code   RO         1829    i.Get_Vcali_From_Data_Flash  ecx335af_calibration.o
    0x0000204c   0x0000204c   0x00000090   Code   RO         1308    i.HID_ClassRequest  hid_transfer.o
    0x000020dc   0x000020dc   0x00000120   Code   RO         1310    i.HID_CmdImuData    hid_transfer.o
    0x000021fc   0x000021fc   0x00000038   Code   RO         1315    i.HID_Init          hid_transfer.o
    0x00002234   0x00002234   0x0000002c   Code   RO          450    i.Hard_Fault_Handler  retarget.o
    0x00002260   0x00002260   0x00000168   Code   RO         1317    i.Hid_Transfer_Data  hid_transfer.o
    0x000023c8   0x000023c8   0x0000003c   Code   RO         1830    i.Horizontal_orbit_adjustment  ecx335af_calibration.o
    0x00002404   0x00002404   0x00000062   Code   RO         1434    i.Imu_Acc_Raw       imu_spi.o
    0x00002466   0x00002466   0x00000050   Code   RO         1435    i.Imu_Gyro_Raw      imu_spi.o
    0x000024b6   0x000024b6   0x000000de   Code   RO         1436    i.Imu_Mag_Raw       imu_spi.o
    0x00002594   0x00002594   0x000000c0   Code   RO         1437    i.Imu_Spi1_Init     imu_spi.o
    0x00002654   0x00002654   0x00000010   Code   RO         2325    i.Interrupt_Init    main.o
    0x00002664   0x00002664   0x00000024   Code   RO         2005    i.LP_ReadI2C_Byte   lp_i2c.o
    0x00002688   0x00002688   0x00000014   Code   RO         2007    i.LP_WriteI2C_Byte  lp_i2c.o
    0x0000269c   0x0000269c   0x0000008c   Code   RO         2097    i.MCU_FMC_Init      mcu_version.o
    0x00002728   0x00002728   0x00000028   Code   RO         1708    i.Mode_Change_Interrupt_Init  key.o
    0x00002750   0x00002750   0x00000014   Code   RO         1709    i.NVIC_EnableIRQ    key.o
    0x00002764   0x00002764   0x00000014   Code   RO         2326    i.NVIC_EnableIRQ    main.o
    0x00002778   0x00002778   0x00000034   Code   RO         2169    i.PS_Interrupt_Init  i2c_alsps.o
    0x000027ac   0x000027ac   0x00000022   Code   RO          576    i.SPI_Open          spi.o
    0x000027ce   0x000027ce   0x00000002   PAD
    0x000027d0   0x000027d0   0x000000ac   Code   RO          577    i.SPI_SetBusClock   spi.o
    0x0000287c   0x0000287c   0x0000008c   Code   RO         2327    i.SYS_Init          main.o
    0x00002908   0x00002908   0x0000000c   Code   RO         2328    i.SYS_LockReg       main.o
    0x00002914   0x00002914   0x00000020   Code   RO         1831    i.SYS_UnlockReg     ecx335af_calibration.o
    0x00002934   0x00002934   0x00000020   Code   RO         2098    i.SYS_UnlockReg     mcu_version.o
    0x00002954   0x00002954   0x00000020   Code   RO         2275    i.SYS_UnlockReg     download_flag.o
    0x00002974   0x00002974   0x00000020   Code   RO         2329    i.SYS_UnlockReg     main.o
    0x00002994   0x00002994   0x0000000c   Code   RO          452    i.SendChar          retarget.o
    0x000029a0   0x000029a0   0x00000034   Code   RO          453    i.SendChar_ToUART   retarget.o
    0x000029d4   0x000029d4   0x000000bc   Code   RO         2099    i.Set_Mcu_Version   mcu_version.o
    0x00002a90   0x00002a90   0x00000024   Code   RO         1832    i.Set_Value_To_Ecx335af  ecx335af_calibration.o
    0x00002ab4   0x00002ab4   0x0000009c   Code   RO         1833    i.Set_Vcali_To_Data_Flash  ecx335af_calibration.o
    0x00002b50   0x00002b50   0x00000128   Code   RO         1162    i.Spi_ReadReg_1     ecx335af.o
    0x00002c78   0x00002c78   0x00000134   Code   RO         1163    i.Spi_ReadReg_2     ecx335af.o
    0x00002dac   0x00002dac   0x00000054   Code   RO         1438    i.Spi_ReadReg_Acc   imu_spi.o
    0x00002e00   0x00002e00   0x00000054   Code   RO         1439    i.Spi_ReadReg_Gyro  imu_spi.o
    0x00002e54   0x00002e54   0x00000054   Code   RO         1440    i.Spi_ReadReg_Mag   imu_spi.o
    0x00002ea8   0x00002ea8   0x00000060   Code   RO         1164    i.Spi_WriteReg_1    ecx335af.o
    0x00002f08   0x00002f08   0x00000064   Code   RO         1165    i.Spi_WriteReg_2    ecx335af.o
    0x00002f6c   0x00002f6c   0x0000004c   Code   RO         1441    i.Spi_WriteReg_Acc  imu_spi.o
    0x00002fb8   0x00002fb8   0x0000004c   Code   RO         1442    i.Spi_WriteReg_Gyro  imu_spi.o
    0x00003004   0x00003004   0x0000004c   Code   RO         1443    i.Spi_WriteReg_Mag  imu_spi.o
    0x00003050   0x00003050   0x00000050   Code   RO            3    i.SysGet_HCLKFreq   system_nano100series.o
    0x000030a0   0x000030a0   0x00000080   Code   RO            4    i.SysGet_PLLClockFreq  system_nano100series.o
    0x00003120   0x00003120   0x0000002c   Code   RO            5    i.SystemCoreClockUpdate  system_nano100series.o
    0x0000314c   0x0000314c   0x000000a0   Code   RO          843    i.UART_Open         uart.o
    0x000031ec   0x000031ec   0x000000c8   Code   RO          940    i.USBD_CtrlIn       usbd.o
    0x000032b4   0x000032b4   0x0000004c   Code   RO          941    i.USBD_CtrlOut      usbd.o
    0x00003300   0x00003300   0x00000198   Code   RO          942    i.USBD_GetDescriptor  usbd.o
    0x00003498   0x00003498   0x00000014   Code   RO          943    i.USBD_GetSetupPacket  usbd.o
    0x000034ac   0x000034ac   0x00000178   Code   RO         1319    i.USBD_IRQHandler   hid_transfer.o
    0x00003624   0x00003624   0x00000016   Code   RO          945    i.USBD_MemCopy      usbd.o
    0x0000363a   0x0000363a   0x00000016   Code   RO         1320    i.USBD_MemCopy      hid_transfer.o
    0x00003650   0x00003650   0x00000058   Code   RO          946    i.USBD_Open         usbd.o
    0x000036a8   0x000036a8   0x00000088   Code   RO          947    i.USBD_PrepareCtrlIn  usbd.o
    0x00003730   0x00003730   0x0000002c   Code   RO          948    i.USBD_PrepareCtrlOut  usbd.o
    0x0000375c   0x0000375c   0x0000007c   Code   RO          949    i.USBD_ProcessSetupPacket  usbd.o
    0x000037d8   0x000037d8   0x00000030   Code   RO         1321    i.USBD_SetStall     hid_transfer.o
    0x00003808   0x00003808   0x00000344   Code   RO          951    i.USBD_StandardRequest  usbd.o
    0x00003b4c   0x00003b4c   0x0000002c   Code   RO          952    i.USBD_Start        usbd.o
    0x00003b78   0x00003b78   0x00000064   Code   RO          953    i.USBD_SwReset      usbd.o
    0x00003bdc   0x00003bdc   0x00000024   Code   RO         2330    i.USB_Init          main.o
    0x00003c00   0x00003c00   0x0000003c   Code   RO         1834    i.Vertical_orbit_adjustment  ecx335af_calibration.o
    0x00003c3c   0x00003c3c   0x00000048   Code   RO         2331    i.WDT_IRQHandler    main.o
    0x00003c84   0x00003c84   0x0000001c   Code   RO         2255    i.WDT_Open          wdt.o
    0x00003ca0   0x00003ca0   0x0000001c   Code   RO         1101    i.__ARM_common_switch8  backlight.o
    0x00003cbc   0x00003cbc   0x0000000e   Code   RO         2448    i._is_digit         c_p.l(__printf_wp.o)
    0x00003cca   0x00003cca   0x00000002   PAD
    0x00003ccc   0x00003ccc   0x000001b0   Code   RO         1444    i.bmm050_compensate_X_float  imu_spi.o
    0x00003e7c   0x00003e7c   0x000001b0   Code   RO         1445    i.bmm050_compensate_Y_float  imu_spi.o
    0x0000402c   0x0000402c   0x0000014c   Code   RO         1446    i.bmm050_compensate_Z_float  imu_spi.o
    0x00004178   0x00004178   0x0000001c   Code   RO         1447    i.bmm050_get_data_rate  imu_spi.o
    0x00004194   0x00004194   0x0000001e   Code   RO         1448    i.bmm050_get_power_mode  imu_spi.o
    0x000041b2   0x000041b2   0x00000002   PAD
    0x000041b4   0x000041b4   0x00000134   Code   RO         1450    i.bmm050_init_trim_registers  imu_spi.o
    0x000042e8   0x000042e8   0x0000002c   Code   RO         1451    i.bmm050_set_data_rate  imu_spi.o
    0x00004314   0x00004314   0x00000064   Code   RO         1452    i.bmm050_set_functional_state  imu_spi.o
    0x00004378   0x00004378   0x00000030   Code   RO         1453    i.bmm050_set_power_mode  imu_spi.o
    0x000043a8   0x000043a8   0x00000076   Code   RO         1454    i.bmm050_set_presetmode  imu_spi.o
    0x0000441e   0x0000441e   0x00000016   Code   RO         1455    i.bmm050_set_rep_XY  imu_spi.o
    0x00004434   0x00004434   0x00000016   Code   RO         1456    i.bmm050_set_rep_Z  imu_spi.o
    0x0000444a   0x0000444a   0x0000001a   Code   RO         2332    i.delay_ms          main.o
    0x00004464   0x00004464   0x00000044   Code   RO         2276    i.dl_flag_init      download_flag.o
    0x000044a8   0x000044a8   0x00000010   Code   RO          457    i.fputc             retarget.o
    0x000044b8   0x000044b8   0x00000078   Code   RO         2277    i.get_dl_flag       download_flag.o
    0x00004530   0x00004530   0x0000001c   Code   RO         2170    i.i2c_alsps_init    i2c_alsps.o
    0x0000454c   0x0000454c   0x0000002c   Code   RO         2009    i.iic_ack           lp_i2c.o
    0x00004578   0x00004578   0x00000010   Code   RO         2010    i.iic_delay         lp_i2c.o
    0x00004588   0x00004588   0x00000028   Code   RO         2011    i.iic_nack          lp_i2c.o
    0x000045b0   0x000045b0   0x00000078   Code   RO         2012    i.iic_read_byte     lp_i2c.o
    0x00004628   0x00004628   0x0000004c   Code   RO         2013    i.iic_readbyte      lp_i2c.o
    0x00004674   0x00004674   0x0000007c   Code   RO         2014    i.iic_sendbyte      lp_i2c.o
    0x000046f0   0x000046f0   0x00000028   Code   RO         2015    i.iic_start         lp_i2c.o
    0x00004718   0x00004718   0x00000030   Code   RO         2016    i.iic_stop          lp_i2c.o
    0x00004748   0x00004748   0x00000038   Code   RO         2017    i.iic_write_byte    lp_i2c.o
    0x00004780   0x00004780   0x0000006c   Code   RO         1457    i.init_imu_chip     imu_spi.o
    0x000047ec   0x000047ec   0x00000134   Code   RO         2333    i.main              main.o
    0x00004920   0x00004920   0x00000010   Code   RO         2100    i.mcu_version_init  mcu_version.o
    0x00004930   0x00004930   0x000000b4   Code   RO         2278    i.set_boot_flags    download_flag.o
    0x000049e4   0x000049e4   0x00000064   Code   RO         2101    i.set_data_flash_base  mcu_version.o
    0x00004a48   0x00004a48   0x0000006c   Code   RO         2279    i.set_dl_flag       download_flag.o
    0x00004ab4   0x00004ab4   0x000000a8   Code   RO          459    i.stackDump         retarget.o
    0x00004b5c   0x00004b5c   0x0000006a   Code   RO         1166    i.step_1            ecx335af.o
    0x00004bc6   0x00004bc6   0x0000001a   Code   RO         1167    i.step_2            ecx335af.o
    0x00004be0   0x00004be0   0x0000001a   Code   RO         1168    i.step_3            ecx335af.o
    0x00004bfa   0x00004bfa   0x0000001a   Code   RO         1169    i.step_4            ecx335af.o
    0x00004c14   0x00004c14   0x0000002a   Code   RO         1170    i.step_5            ecx335af.o
    0x00004c3e   0x00004c3e   0x0000004a   Code   RO         1171    i.step_6            ecx335af.o
    0x00004c88   0x00004c88   0x0000001a   Code   RO         1172    i.step_6_1          ecx335af.o
    0x00004ca2   0x00004ca2   0x00000024   Code   RO         2172    i.sy3096ps_enable   i2c_alsps.o
    0x00004cc6   0x00004cc6   0x0000001e   Code   RO         2173    i.sy3096ps_process_data  i2c_alsps.o
    0x00004ce4   0x00004ce4   0x0000000a   Code   RO         2174    i.sy3096ps_read_ps  i2c_alsps.o
    0x00004cee   0x00004cee   0x00000018   Code   RO         2175    i.sy3096ps_set_threshold  i2c_alsps.o
    0x00004d06   0x00004d06   0x00000002   PAD
    0x00004d08   0x00004d08   0x0000008c   Code   RO         2494    x$fpl$fadd          fz_ps.l(faddsub.o)
    0x00004d94   0x00004d94   0x000000b0   Code   RO         2502    x$fpl$fmul          fz_ps.l(fmul.o)
    0x00004e44   0x00004e44   0x000000d0   Code   RO         2496    x$fpl$fsub          fz_ps.l(faddsub.o)
    0x00004f14   0x00004f14   0x00000000   Code   RO         2518    x$fpl$usenofp       fz_ps.l(usenofp.o)
    0x00004f14   0x00004f14   0x00000010   Data   RO          159    .constdata          clk.o
    0x00004f24   0x00004f24   0x00000030   Data   RO          851    .constdata          uart.o
    0x00004f54   0x00004f54   0x00000028   Data   RO         2421    .constdata          c_p.l(_printf_hex_int.o)
    0x00004f7c   0x00004f7c   0x00000011   Data   RO         2451    .constdata          c_p.l(__printf_flags_wp.o)
    0x00004f8d   0x00004f8d   0x00000080   Data   RO         2486    .constdata          fz_ps.l(ddiv.o)
    0x0000500d   0x0000500d   0x00000003   PAD
    0x00005010   0x00005010   0x000000e8   Data   RO         2335    .conststring        main.o
    0x000050f8   0x000050f8   0x00000020   Data   RO         2689    Region$$Table       anon$$obj.o


    Execution Region ER_RW (Exec base: 0x20000000, Load base: 0x00005118, Size: 0x00000214, Max: 0xffffffff, ABSOLUTE)

    Exec Addr    Load Addr    Size         Type   Attr      Idx    E Section Name        Object

    0x20000000   0x00005118   0x00000008   Data   RW            6    .data               system_nano100series.o
    0x20000008   0x00005120   0x00000008   Data   RW          460    .data               retarget.o
    0x20000010   0x00005128   0x00000044   Data   RW          954    .data               usbd.o
    0x20000054   0x0000516c   0x000000d4   Data   RW         1047    .data               descriptors.o
    0x20000128   0x00005240   0x00000036   Data   RW         1074    .data               backlight.o
    0x2000015e   0x00005276   0x00000002   PAD
    0x20000160   0x00005278   0x00000086   Data   RW         1173    .data               ecx335af.o
    0x200001e6   0x000052fe   0x00000002   PAD
    0x200001e8   0x00005300   0x00000014   Data   RW         1323    .data               hid_transfer.o
    0x200001fc   0x00005314   0x00000008   Data   RW         1459    .data               imu_spi.o
    0x20000204   0x0000531c   0x00000005   Data   RW         2018    .data               lp_i2c.o
    0x20000209   0x00005321   0x00000003   PAD
    0x2000020c   0x00005324   0x00000005   Data   RW         2103    .data               mcu_version.o


    Execution Region ER_ZI (Exec base: 0x20000214, Load base: 0x0000532c, Size: 0x000032fc, Max: 0xffffffff, ABSOLUTE)

    Exec Addr    Load Addr    Size         Type   Attr      Idx    E Section Name        Object

    0x20000214        -       0x00002872   Zero   RW         1322    .bss                hid_transfer.o
    0x20002a86   0x0000532c   0x00000002   PAD
    0x20002a88        -       0x00000014   Zero   RW         2102    .bss                mcu_version.o
    0x20002a9c        -       0x00000010   Zero   RW         2334    .bss                main.o
    0x20002aac        -       0x00000060   Zero   RW         2564    .bss                c_p.l(libspace.o)
    0x20002b0c   0x0000532c   0x00000004   PAD
    0x20002b10        -       0x00000500   Zero   RW          129    HEAP                startup_nano100series.o
    0x20003010        -       0x00000500   Zero   RW          128    STACK               startup_nano100series.o


==============================================================================

Image component sizes


      Code (inc. data)   RO Data    RW Data    ZI Data      Debug   Object Name

       424         30          0         54          0       8965   backlight.o
       936        100         16          0          0       6313   clk.o
         0          0          0        212          0       6711   descriptors.o
       508        262          0          0          0       2524   download_flag.o
      1506         82          0        134          0      37739   ecx335af.o
       484         40          0          0          0      32135   ecx335af_calibration.o
       496         74          0          0          0       6942   fmc.o
        72          0          0          0          0       1620   gpio.o
      1316        120          0         20      10354      12645   hid_transfer.o
       260         14          0          0          0      11446   i2c_alsps.o
      3096        198          0          8          0      14356   imu_spi.o
       432         96          0          0          0       8714   key.o
       620         38          0          5          0       6333   lp_i2c.o
       794        136        232          0         16       6311   main.o
       770        212          0          5         20       4982   mcu_version.o
       320        132          0          8          0     116276   retarget.o
       206         14          0          0          0       1885   spi.o
        96         46        192          0       2560        704   startup_nano100series.o
       252         34          0          8          0     118258   system_nano100series.o
       160         14         48          0          0       1344   uart.o
      2098        242          0         68          0      14061   usbd.o
        28          4          0          0          0        611   wdt.o

    ----------------------------------------------------------------------
     14890       1888        520        532      12952     420875   Object Totals
         0          0         32          0          0          0   (incl. Generated)
        16          0          0         10          2          0   (incl. Padding)

    ----------------------------------------------------------------------

      Code (inc. data)   RO Data    RW Data    ZI Data      Debug   Library Member Name

         8          0          0          0          0         68   __main.o
       312          6         17          0          0         76   __printf_flags_wp.o
        14          0          0          0          0         60   __printf_wp.o
         0          0          0          0          0          0   __rtentry.o
        12          0          0          0          0          0   __rtentry2.o
         6          0          0          0          0          0   __rtentry4.o
        60          8          0          0          0          0   __scatter.o
        26          0          0          0          0          0   __scatter_copy.o
        28          0          0          0          0          0   __scatter_zi.o
        48          6          0          0          0         88   _printf_char_common.o
        40          6          0          0          0         72   _printf_char_file.o
        10          0          0          0          0          0   _printf_d.o
       108         18          0          0          0         76   _printf_dec.o
        88          4         40          0          0         72   _printf_hex_int.o
       176          0          0          0          0         84   _printf_intcommon.o
         2          0          0          0          0          0   _printf_percent.o
         4          0          0          0          0          0   _printf_percent_end.o
        10          0          0          0          0          0   _printf_x.o
       346          0          0          0          0         92   aeabi_sdiv.o
        16          0          0          0          0         68   exit.o
         8          0          0          0          0         60   ferror.o
         6          0          0          0          0        136   heapauxi.o
         0          0          0          0          0          0   indicate_semi.o
         2          0          0          0          0          0   libinit.o
         2          0          0          0          0          0   libinit2.o
         2          0          0          0          0          0   libshutdown.o
         2          0          0          0          0          0   libshutdown2.o
         8          4          0          0         96         68   libspace.o
        28          6          0          0          0         84   noretval__2printf.o
       186          0          0          0          0        144   rt_memcpy.o
         2          0          0          0          0          0   rtexit.o
        10          0          0          0          0          0   rtexit2.o
        40          0          0          0          0         60   rtudiv10.o
        12          4          0          0          0         60   sys_exit.o
        62          0          0          0          0         80   sys_stackheap_outer.o
         2          0          0          0          0         68   use_no_semi.o
        16          0          0          0          0         60   uwrite4.o
       124          4          0          0          0         72   d2f.o
       856         20          0          0          0        208   daddsub.o
      1096         26        128          0          0        112   ddiv.o
        88          0          0          0          0         92   dflti.o
       584         26          0          0          0         84   dmul.o
        84          4          0          0          0         60   f2d.o
       348          8          0          0          0        160   faddsub.o
        94          0          0          0          0         92   fflti.o
       176          4          0          0          0         80   fmul.o
         0          0          0          0          0          0   usenofp.o

    ----------------------------------------------------------------------
      5162        154        188          0        100       2536   Library Totals
        10          0          3          0          4          0   (incl. Padding)

    ----------------------------------------------------------------------

      Code (inc. data)   RO Data    RW Data    ZI Data      Debug   Library Name

      1702         62         57          0         96       1576   c_p.l
      3450         92        128          0          0        960   fz_ps.l

    ----------------------------------------------------------------------
      5162        154        188          0        100       2536   Library Totals

    ----------------------------------------------------------------------

==============================================================================


      Code (inc. data)   RO Data    RW Data    ZI Data      Debug   

     20052       2042        708        532      13052     415351   Grand Totals
     20052       2042        708        532      13052     415351   ELF Image Totals
     20052       2042        708        532          0          0   ROM Totals

==============================================================================

    Total RO  Size (Code + RO Data)                20760 (  20.27kB)
    Total RW  Size (RW Data + ZI Data)             13584 (  13.27kB)
    Total ROM Size (Code + RO Data + RW Data)      21292 (  20.79kB)

==============================================================================

