<html>
<body>
<pre>
<h1>µVision Build Log</h1>
<h2>Tool Versions:</h2>
IDE-Version: £gVision V5.26.2.0
Copyright (C) 2018 ARM Ltd and ARM Germany GmbH. All rights reserved.
License Information: zzz zzz, FIH, LIC=CZLPC-796QM-PZZWB-2M59N-7YGS6-3FVQR
 
Tool Versions:
Toolchain:       MDK-ARM Plus  Version: 5.26.2.0
Toolchain Path:  d:\Keil_v5\ARM\ARMCC\Bin
C Compiler:      Armcc.exe V5.06 update 6 (build 750)
Assembler:       Armasm.exe V5.06 update 6 (build 750)
Linker/Locator:  ArmLink.exe V5.06 update 6 (build 750)
Library Manager: ArmAr.exe V5.06 update 6 (build 750)
Hex Converter:   FromElf.exe V5.06 update 6 (build 750)
CPU DLL:         SARMCM3.DLL V5.26.2.0
Dialog DLL:      DARMCM1.DLL V1.19.1.0
Target DLL:      Nu_Link.dll V2.05
Dialog DLL:      TARMCM1.DLL V1.14.0.0
 
<h2>Project:</h2>
F:\project\ARG\nano\NuMicro_ISP_Programming_Tool_V2.05\(2) Nuvoton Standard ISP Code\Source Code\Nano100B_BSP_self\SampleCode\ISP_Sample\ISP_HID\KEIL\ISP_HID.uvproj
Project File Date:  08/12/2019

<h2>Output:</h2>
*** Using Compiler 'V5.06 update 6 (build 750)', folder: 'd:\Keil_v5\ARM\ARMCC\Bin'
Rebuild target 'ISP_HID'
Clean started - Project: 'ISP_HID'
   deleting intermediate output files for target 'ISP_HID'
creating preprocessor file for system_Nano100Series.c...
compiling system_Nano100Series.c...
assembling startup_Nano100Series.s...
creating preprocessor file for descriptors.c...
compiling descriptors.c...
creating preprocessor file for main.c...
compiling main.c...
creating preprocessor file for hid_transfer.c...
compiling hid_transfer.c...
creating preprocessor file for targetdev.c...
compiling targetdev.c...
creating preprocessor file for ISP_USER.c...
compiling ISP_USER.c...
creating preprocessor file for FMC_USER.c...
compiling FMC_USER.c...
creating preprocessor file for usbd.c...
compiling usbd.c...
creating preprocessor file for clk.c...
compiling clk.c...
linking...
Program Size: Code=3400 RO-data=224 RW-data=324 ZI-data=1924  
".\obj\NANO100B_ISP_HID_flag.axf" - 0 Error(s), 0 Warning(s).

*** Performing Cross-Module-Optimization:
compiling system_Nano100Series.c...
compiling descriptors.c...
compiling main.c...
compiling hid_transfer.c...
compiling targetdev.c...
compiling ISP_USER.c...
compiling FMC_USER.c...
compiling usbd.c...
compiling clk.c...
linking...
Program Size: Code=3400 RO-data=224 RW-data=324 ZI-data=1924  
After Build - User command #1: fromelf --bin ".\obj\NANO100B_ISP_HID_flag.axf" --output ".\obj\NANO100B_ISP_HID_flag.bin"
After Build - User command #2: fromelf --text -c ".\obj\NANO100B_ISP_HID_flag.axf" --output ".\obj\NANO100B_ISP_HID_flag.txt"
".\obj\NANO100B_ISP_HID_flag.axf" - 0 Error(s), 0 Warning(s).
*** Completed Cross-Module-Optimization after 2 iteration(s).
Build Time Elapsed:  00:00:16
</pre>
</body>
</html>
