Component: ARM Compiler 5.06 update 6 (build 750) Tool: armlink [4d35ed]

==============================================================================

Small function inlining results

Inlined total of 0 calls.

==============================================================================

Memory Map of the image

  Image Entry point : 0x000000d5

  Load Region LR_1 (Base: 0x00000000, Size: 0x00000f6c, Max: 0xffffffff, ABSOLUTE)

    Execution Region ER_RO (Exec base: 0x00000000, Load base: 0x00000000, Size: 0x00000e28, Max: 0xffffffff, ABSOLUTE)

    Exec Addr    Load Addr    Size         Type   Attr      Idx    E Section Name        Object

    0x00000000   0x00000000   0x000000c0   Data   RO          130    RESET               startup_nano100series.o
    0x000000c0   0x000000c0   0x00000000   Code   RO          755  * .ARM.Collect$$$$00000000  mc_p.l(entry.o)
    0x000000c0   0x000000c0   0x00000004   Code   RO          760    .ARM.Collect$$$$00000001  mc_p.l(entry2.o)
    0x000000c4   0x000000c4   0x00000004   Code   RO          763    .ARM.Collect$$$$00000004  mc_p.l(entry5.o)
    0x000000c8   0x000000c8   0x00000000   Code   RO          765    .ARM.Collect$$$$00000008  mc_p.l(entry7b.o)
    0x000000c8   0x000000c8   0x00000000   Code   RO          767    .ARM.Collect$$$$0000000A  mc_p.l(entry8b.o)
    0x000000c8   0x000000c8   0x00000008   Code   RO          768    .ARM.Collect$$$$0000000B  mc_p.l(entry9a.o)
    0x000000d0   0x000000d0   0x00000000   Code   RO          770    .ARM.Collect$$$$0000000D  mc_p.l(entry10a.o)
    0x000000d0   0x000000d0   0x00000000   Code   RO          772    .ARM.Collect$$$$0000000F  mc_p.l(entry11a.o)
    0x000000d0   0x000000d0   0x00000004   Code   RO          761    .ARM.Collect$$$$00002712  mc_p.l(entry2.o)
    0x000000d4   0x000000d4   0x00000044   Code   RO          131  * .text               startup_nano100series.o
    0x00000118   0x00000118   0x00000024   Code   RO          758    .text               mc_p.l(memseta.o)
    0x0000013c   0x0000013c   0x00000024   Code   RO          774    .text               mc_p.l(init.o)
    0x00000160   0x00000160   0x00000024   Code   RO          630    i.CLK_SysTickDelay  clk.o
    0x00000184   0x00000184   0x00000018   Code   RO          386    i.Checksum          isp_user.o
    0x0000019c   0x0000019c   0x00000024   Code   RO          288    i.EP2_Handler       hid_transfer.o
    0x000001c0   0x000001c0   0x0000002c   Code   RO          289    i.EP3_Handler       hid_transfer.o
    0x000001ec   0x000001ec   0x0000001a   Code   RO          387    i.EraseAP           isp_user.o
    0x00000206   0x00000206   0x00000002   PAD
    0x00000208   0x00000208   0x00000028   Code   RO          459    i.FMC_Erase_User    fmc_user.o
    0x00000230   0x00000230   0x0000002c   Code   RO          460    i.FMC_Read_User     fmc_user.o
    0x0000025c   0x0000025c   0x00000028   Code   RO          461    i.FMC_Write_User    fmc_user.o
    0x00000284   0x00000284   0x00000026   Code   RO          360    i.GetApromSize      targetdev.o
    0x000002aa   0x000002aa   0x00000002   PAD
    0x000002ac   0x000002ac   0x00000050   Code   RO          361    i.GetDataFlashInfo  targetdev.o
    0x000002fc   0x000002fc   0x0000004c   Code   RO          290    i.HID_ClassRequest  hid_transfer.o
    0x00000348   0x00000348   0x00000038   Code   RO          291    i.HID_Init          hid_transfer.o
    0x00000380   0x00000380   0x000002a0   Code   RO          388    i.ParseCmd          isp_user.o
    0x00000620   0x00000620   0x0000001c   Code   RO          462    i.ReadData          fmc_user.o
    0x0000063c   0x0000063c   0x00000060   Code   RO          216    i.SYS_Init          main.o
    0x0000069c   0x0000069c   0x00000080   Code   RO          503    i.USBD_CtrlIn       usbd.o
    0x0000071c   0x0000071c   0x00000038   Code   RO          504    i.USBD_CtrlOut      usbd.o
    0x00000754   0x00000754   0x000000ac   Code   RO          505    i.USBD_GetDescriptor  usbd.o
    0x00000800   0x00000800   0x00000010   Code   RO          506    i.USBD_GetSetupPacket  usbd.o
    0x00000810   0x00000810   0x000000d8   Code   RO          292    i.USBD_IRQHandler   hid_transfer.o
    0x000008e8   0x000008e8   0x00000010   Code   RO          293    i.USBD_MemCopy      hid_transfer.o
    0x000008f8   0x000008f8   0x00000010   Code   RO          508    i.USBD_MemCopy      usbd.o
    0x00000908   0x00000908   0x00000038   Code   RO          509    i.USBD_Open         usbd.o
    0x00000940   0x00000940   0x00000064   Code   RO          510    i.USBD_PrepareCtrlIn  usbd.o
    0x000009a4   0x000009a4   0x0000001c   Code   RO          511    i.USBD_PrepareCtrlOut  usbd.o
    0x000009c0   0x000009c0   0x00000054   Code   RO          512    i.USBD_ProcessSetupPacket  usbd.o
    0x00000a14   0x00000a14   0x0000002c   Code   RO          294    i.USBD_SetStall     hid_transfer.o
    0x00000a40   0x00000a40   0x000001bc   Code   RO          514    i.USBD_StandardRequest  usbd.o
    0x00000bfc   0x00000bfc   0x00000024   Code   RO          515    i.USBD_Start        usbd.o
    0x00000c20   0x00000c20   0x00000038   Code   RO          516    i.USBD_SwReset      usbd.o
    0x00000c58   0x00000c58   0x0000004c   Code   RO          389    i.UpdateConfig      isp_user.o
    0x00000ca4   0x00000ca4   0x0000001c   Code   RO          463    i.WriteData         fmc_user.o
    0x00000cc0   0x00000cc0   0x0000000e   Code   RO          778    i.__scatterload_copy  mc_p.l(handlers.o)
    0x00000cce   0x00000cce   0x00000002   Code   RO          779    i.__scatterload_null  mc_p.l(handlers.o)
    0x00000cd0   0x00000cd0   0x0000000e   Code   RO          780    i.__scatterload_zeroinit  mc_p.l(handlers.o)
    0x00000cde   0x00000cde   0x00000002   PAD
    0x00000ce0   0x00000ce0   0x00000128   Code   RO          217    i.main              main.o
    0x00000e08   0x00000e08   0x00000020   Data   RO          776    Region$$Table       anon$$obj.o


    Execution Region ER_RW (Exec base: 0x20000000, Load base: 0x00000e28, Size: 0x00000144, Max: 0xffffffff, ABSOLUTE)

    Exec Addr    Load Addr    Size         Type   Attr      Idx    E Section Name        Object

    0x20000000   0x00000e28   0x00000008   Data   RW            6    .data               system_nano100series.o
    0x20000008   0x00000e30   0x0000001d   Data   RW          137    .data               descriptors.o
    0x20000025   0x00000e4d   0x00000012   Data   RW          138    .data               descriptors.o
    0x20000037   0x00000e5f   0x00000029   Data   RW          139    .data               descriptors.o
    0x20000060   0x00000e88   0x00000004   Data   RW          140    .data               descriptors.o
    0x20000064   0x00000e8c   0x00000010   Data   RW          141    .data               descriptors.o
    0x20000074   0x00000e9c   0x00000010   Data   RW          142    .data               descriptors.o
    0x20000084   0x00000eac   0x00000010   Data   RW          143    .data               descriptors.o
    0x20000094   0x00000ebc   0x0000000c   Data   RW          144    .data               descriptors.o
    0x200000a0   0x00000ec8   0x0000000c   Data   RW          145    .data               descriptors.o
    0x200000ac   0x00000ed4   0x0000000c   Data   RW          146    .data               descriptors.o
    0x200000b8   0x00000ee0   0x00000018   Data   RW          147    .data               descriptors.o
    0x200000d0   0x00000ef8   0x00000001   Data   RW          297    .data               hid_transfer.o
    0x200000d1   0x00000ef9   0x00000003   PAD
    0x200000d4   0x00000efc   0x0000002c   Data   RW          391    .data               isp_user.o
    0x20000100   0x00000f28   0x00000044   Data   RW          517    .data               usbd.o


    Execution Region ER_ZI (Exec base: 0x20000144, Load base: 0x00000f6c, Size: 0x00000784, Max: 0xffffffff, ABSOLUTE)

    Exec Addr    Load Addr    Size         Type   Attr      Idx    E Section Name        Object

    0x20000144        -       0x00000040   Zero   RW          295    .bss                hid_transfer.o
    0x20000184        -       0x00000240   Zero   RW          390    .bss                isp_user.o
    0x200003c4   0x00000f6c   0x00000004   PAD
    0x200003c8        -       0x00000500   Zero   RW          128    STACK               startup_nano100series.o


==============================================================================

Image component sizes


      Code (inc. data)   RO Data    RW Data    ZI Data      Debug   Object Name

        36          8          0          0          0        591   clk.o
         0          0          0        200          0       6943   descriptors.o
       180         14          0          0          0       3437   fmc_user.o
       488         44          0          1         64      10886   hid_transfer.o
       798         40          0         44        576       5344   isp_user.o
       392         92          0          0          0     147994   main.o
        68         28        192          0       1280        824   startup_nano100series.o
         0          0          0          8          0       4966   system_nano100series.o
       118          8          0          0          0       1754   targetdev.o
      1192        118          0         68          0      15833   usbd.o

    ----------------------------------------------------------------------
      3276        352        224        324       1924     198572   Object Totals
         0          0         32          0          0          0   (incl. Generated)
         4          0          0          3          4          0   (incl. Padding)

    ----------------------------------------------------------------------

      Code (inc. data)   RO Data    RW Data    ZI Data      Debug   Library Member Name

         0          0          0          0          0          0   entry.o
         0          0          0          0          0          0   entry10a.o
         0          0          0          0          0          0   entry11a.o
         8          4          0          0          0          0   entry2.o
         4          0          0          0          0          0   entry5.o
         0          0          0          0          0          0   entry7b.o
         0          0          0          0          0          0   entry8b.o
         8          4          0          0          0          0   entry9a.o
        30          0          0          0          0          0   handlers.o
        36          8          0          0          0         68   init.o
        36          0          0          0          0        100   memseta.o

    ----------------------------------------------------------------------
       124         16          0          0          0        168   Library Totals
         2          0          0          0          0          0   (incl. Padding)

    ----------------------------------------------------------------------

      Code (inc. data)   RO Data    RW Data    ZI Data      Debug   Library Name

       122         16          0          0          0        168   mc_p.l

    ----------------------------------------------------------------------
       124         16          0          0          0        168   Library Totals

    ----------------------------------------------------------------------

==============================================================================


      Code (inc. data)   RO Data    RW Data    ZI Data      Debug   

      3400        368        224        324       1924     197528   Grand Totals
      3400        368        224        324       1924     197528   ELF Image Totals
      3400        368        224        324          0          0   ROM Totals

==============================================================================

    Total RO  Size (Code + RO Data)                 3624 (   3.54kB)
    Total RW  Size (RW Data + ZI Data)              2248 (   2.20kB)
    Total ROM Size (Code + RO Data + RW Data)       3948 (   3.86kB)

==============================================================================

